Archive member included to satisfy reference by file (symbol)

c:/st/stm32cubeide_1.11.2/stm32cubeide/plugins/com.st.stm32cube.ide.mcu.externaltools.gnu-tools-for-stm32.10.3-2021.10.win32_1.0.200.202301161003/tools/bin/../lib/gcc/arm-none-eabi/10.3.1/../../../../arm-none-eabi/lib/thumb/v7e-m+fp/hard\libc_nano.a(lib_a-errno.o)
                              ./Core/Src/syscalls.o (__errno)
c:/st/stm32cubeide_1.11.2/stm32cubeide/plugins/com.st.stm32cube.ide.mcu.externaltools.gnu-tools-for-stm32.10.3-2021.10.win32_1.0.200.202301161003/tools/bin/../lib/gcc/arm-none-eabi/10.3.1/../../../../arm-none-eabi/lib/thumb/v7e-m+fp/hard\libc_nano.a(lib_a-exit.o)
                              c:/st/stm32cubeide_1.11.2/stm32cubeide/plugins/com.st.stm32cube.ide.mcu.externaltools.gnu-tools-for-stm32.10.3-2021.10.win32_1.0.200.202301161003/tools/bin/../lib/gcc/arm-none-eabi/10.3.1/../../../../arm-none-eabi/lib/thumb/v7e-m+fp/hard/crt0.o (exit)
c:/st/stm32cubeide_1.11.2/stm32cubeide/plugins/com.st.stm32cube.ide.mcu.externaltools.gnu-tools-for-stm32.10.3-2021.10.win32_1.0.200.202301161003/tools/bin/../lib/gcc/arm-none-eabi/10.3.1/../../../../arm-none-eabi/lib/thumb/v7e-m+fp/hard\libc_nano.a(lib_a-impure.o)
                              c:/st/stm32cubeide_1.11.2/stm32cubeide/plugins/com.st.stm32cube.ide.mcu.externaltools.gnu-tools-for-stm32.10.3-2021.10.win32_1.0.200.202301161003/tools/bin/../lib/gcc/arm-none-eabi/10.3.1/../../../../arm-none-eabi/lib/thumb/v7e-m+fp/hard\libc_nano.a(lib_a-exit.o) (_global_impure_ptr)
c:/st/stm32cubeide_1.11.2/stm32cubeide/plugins/com.st.stm32cube.ide.mcu.externaltools.gnu-tools-for-stm32.10.3-2021.10.win32_1.0.200.202301161003/tools/bin/../lib/gcc/arm-none-eabi/10.3.1/../../../../arm-none-eabi/lib/thumb/v7e-m+fp/hard\libc_nano.a(lib_a-init.o)
                              c:/st/stm32cubeide_1.11.2/stm32cubeide/plugins/com.st.stm32cube.ide.mcu.externaltools.gnu-tools-for-stm32.10.3-2021.10.win32_1.0.200.202301161003/tools/bin/../lib/gcc/arm-none-eabi/10.3.1/../../../../arm-none-eabi/lib/thumb/v7e-m+fp/hard/crt0.o (__libc_init_array)
c:/st/stm32cubeide_1.11.2/stm32cubeide/plugins/com.st.stm32cube.ide.mcu.externaltools.gnu-tools-for-stm32.10.3-2021.10.win32_1.0.200.202301161003/tools/bin/../lib/gcc/arm-none-eabi/10.3.1/../../../../arm-none-eabi/lib/thumb/v7e-m+fp/hard\libc_nano.a(lib_a-malloc.o)
                              ./SSC/ecatcoe.o (malloc)
c:/st/stm32cubeide_1.11.2/stm32cubeide/plugins/com.st.stm32cube.ide.mcu.externaltools.gnu-tools-for-stm32.10.3-2021.10.win32_1.0.200.202301161003/tools/bin/../lib/gcc/arm-none-eabi/10.3.1/../../../../arm-none-eabi/lib/thumb/v7e-m+fp/hard\libc_nano.a(lib_a-memcmp.o)
                              ./SSC/eoeappl.o (memcmp)
c:/st/stm32cubeide_1.11.2/stm32cubeide/plugins/com.st.stm32cube.ide.mcu.externaltools.gnu-tools-for-stm32.10.3-2021.10.win32_1.0.200.202301161003/tools/bin/../lib/gcc/arm-none-eabi/10.3.1/../../../../arm-none-eabi/lib/thumb/v7e-m+fp/hard\libc_nano.a(lib_a-memcpy-stub.o)
                              ./SSC/ecatcoe.o (memcpy)
c:/st/stm32cubeide_1.11.2/stm32cubeide/plugins/com.st.stm32cube.ide.mcu.externaltools.gnu-tools-for-stm32.10.3-2021.10.win32_1.0.200.202301161003/tools/bin/../lib/gcc/arm-none-eabi/10.3.1/../../../../arm-none-eabi/lib/thumb/v7e-m+fp/hard\libc_nano.a(lib_a-memset.o)
                              c:/st/stm32cubeide_1.11.2/stm32cubeide/plugins/com.st.stm32cube.ide.mcu.externaltools.gnu-tools-for-stm32.10.3-2021.10.win32_1.0.200.202301161003/tools/bin/../lib/gcc/arm-none-eabi/10.3.1/../../../../arm-none-eabi/lib/thumb/v7e-m+fp/hard/crt0.o (memset)
c:/st/stm32cubeide_1.11.2/stm32cubeide/plugins/com.st.stm32cube.ide.mcu.externaltools.gnu-tools-for-stm32.10.3-2021.10.win32_1.0.200.202301161003/tools/bin/../lib/gcc/arm-none-eabi/10.3.1/../../../../arm-none-eabi/lib/thumb/v7e-m+fp/hard\libc_nano.a(lib_a-nano-freer.o)
                              c:/st/stm32cubeide_1.11.2/stm32cubeide/plugins/com.st.stm32cube.ide.mcu.externaltools.gnu-tools-for-stm32.10.3-2021.10.win32_1.0.200.202301161003/tools/bin/../lib/gcc/arm-none-eabi/10.3.1/../../../../arm-none-eabi/lib/thumb/v7e-m+fp/hard\libc_nano.a(lib_a-malloc.o) (_free_r)
c:/st/stm32cubeide_1.11.2/stm32cubeide/plugins/com.st.stm32cube.ide.mcu.externaltools.gnu-tools-for-stm32.10.3-2021.10.win32_1.0.200.202301161003/tools/bin/../lib/gcc/arm-none-eabi/10.3.1/../../../../arm-none-eabi/lib/thumb/v7e-m+fp/hard\libc_nano.a(lib_a-nano-mallocr.o)
                              c:/st/stm32cubeide_1.11.2/stm32cubeide/plugins/com.st.stm32cube.ide.mcu.externaltools.gnu-tools-for-stm32.10.3-2021.10.win32_1.0.200.202301161003/tools/bin/../lib/gcc/arm-none-eabi/10.3.1/../../../../arm-none-eabi/lib/thumb/v7e-m+fp/hard\libc_nano.a(lib_a-malloc.o) (_malloc_r)
[...]
Memory Configuration

Name             Origin             Length             Attributes
RAM              0x0000000020000000 0x0000000000020000 xrw
FLASH            0x0000000008000000 0x0000000000080000 xr
*default*        0x0000000000000000 0xffffffffffffffff

Linker script and memory map

LOAD c:/st/stm32cubeide_1.11.2/stm32cubeide/plugins/com.st.stm32cube.ide.mcu.externaltools.gnu-tools-for-stm32.10.3-2021.10.win32_1.0.200.202301161003/tools/bin/../lib/gcc/arm-none-eabi/10.3.1/thumb/v7e-m+fp/hard/crti.o
LOAD c:/st/stm32cubeide_1.11.2/stm32cubeide/plugins/com.st.stm32cube.ide.mcu.externaltools.gnu-tools-for-stm32.10.3-2021.10.win32_1.0.200.202301161003/tools/bin/../lib/gcc/arm-none-eabi/10.3.1/thumb/v7e-m+fp/hard/crtbegin.o
LOAD c:/st/stm32cubeide_1.11.2/stm32cubeide/plugins/com.st.stm32cube.ide.mcu.externaltools.gnu-tools-for-stm32.10.3-2021.10.win32_1.0.200.202301161003/tools/bin/../lib/gcc/arm-none-eabi/10.3.1/../../../../arm-none-eabi/lib/thumb/v7e-m+fp/hard/crt0.o
LOAD ./Core/Src/adc.o
LOAD ./Core/Src/dac.o
LOAD ./Core/Src/dma.o
LOAD ./Core/Src/gpio.o
LOAD ./Core/Src/main.o
LOAD ./Core/Src/spi.o
LOAD ./Core/Src/ssc_bsp.o
LOAD ./Core/Src/stm32f4xx_hal_msp.o
LOAD ./Core/Src/stm32f4xx_it.o
LOAD ./Core/Src/syscalls.o
LOAD ./Core/Src/sysmem.o
LOAD ./Core/Src/system_stm32f4xx.o
LOAD ./Core/Src/tim.o
LOAD ./Core/Src/usart.o
LOAD ./Core/Startup/startup_stm32f446zetx.o
LOAD ./Drivers/STM32F4xx_HAL_Driver/stm32f4xx_hal.o
LOAD ./Drivers/STM32F4xx_HAL_Driver/stm32f4xx_hal_adc.o
LOAD ./Drivers/STM32F4xx_HAL_Driver/stm32f4xx_hal_adc_ex.o
LOAD ./Drivers/STM32F4xx_HAL_Driver/stm32f4xx_hal_cortex.o
LOAD ./Drivers/STM32F4xx_HAL_Driver/stm32f4xx_hal_dac.o
LOAD ./Drivers/STM32F4xx_HAL_Driver/stm32f4xx_hal_dac_ex.o
LOAD ./Drivers/STM32F4xx_HAL_Driver/stm32f4xx_hal_dma.o
LOAD ./Drivers/STM32F4xx_HAL_Driver/stm32f4xx_hal_dma_ex.o
LOAD ./Drivers/STM32F4xx_HAL_Driver/stm32f4xx_hal_exti.o
LOAD ./Drivers/STM32F4xx_HAL_Driver/stm32f4xx_hal_flash.o
LOAD ./Drivers/STM32F4xx_HAL_Driver/stm32f4xx_hal_flash_ex.o
LOAD ./Drivers/STM32F4xx_HAL_Driver/stm32f4xx_hal_flash_ramfunc.o
LOAD ./Drivers/STM32F4xx_HAL_Driver/stm32f4xx_hal_gpio.o
LOAD ./Drivers/STM32F4xx_HAL_Driver/stm32f4xx_hal_pwr.o
LOAD ./Drivers/STM32F4xx_HAL_Driver/stm32f4xx_hal_pwr_ex.o
LOAD ./Drivers/STM32F4xx_HAL_Driver/stm32f4xx_hal_rcc.o
LOAD ./Drivers/STM32F4xx_HAL_Driver/stm32f4xx_hal_rcc_ex.o
LOAD ./Drivers/STM32F4xx_HAL_Driver/stm32f4xx_hal_spi.o
LOAD ./Drivers/STM32F4xx_HAL_Driver/stm32f4xx_hal_tim.o
LOAD ./Drivers/STM32F4xx_HAL_Driver/stm32f4xx_hal_tim_ex.o
LOAD ./Drivers/STM32F4xx_HAL_Driver/stm32f4xx_hal_uart.o
LOAD ./Drivers/STM32F4xx_HAL_Driver/stm32f4xx_ll_adc.o
LOAD ./SSC/SSC-Device.o
LOAD ./SSC/coeappl.o
LOAD ./SSC/ecatappl.o
LOAD ./SSC/ecatcoe.o
LOAD ./SSC/ecateoe.o
LOAD ./SSC/ecatfoe.o
LOAD ./SSC/ecatslv.o
LOAD ./SSC/el9800hw.o
LOAD ./SSC/eoeappl.o
LOAD ./SSC/foeappl.o
LOAD ./SSC/mailbox.o
LOAD ./SSC/objdef.o
LOAD ./SSC/sdoserv.o
START GROUP
LOAD c:/st/stm32cubeide_1.11.2/stm32cubeide/plugins/com.st.stm32cube.ide.mcu.externaltools.gnu-tools-for-stm32.10.3-2021.10.win32_1.0.200.202301161003/tools/bin/../lib/gcc/arm-none-eabi/10.3.1/../../../../arm-none-eabi/lib/thumb/v7e-m+fp/hard\libc_nano.a
LOAD c:/st/stm32cubeide_1.11.2/stm32cubeide/plugins/com.st.stm32cube.ide.mcu.externaltools.gnu-tools-for-stm32.10.3-2021.10.win32_1.0.200.202301161003/tools/bin/../lib/gcc/arm-none-eabi/10.3.1/../../../../arm-none-eabi/lib/thumb/v7e-m+fp/hard\libm.a
END GROUP
START GROUP
LOAD c:/st/stm32cubeide_1.11.2/stm32cubeide/plugins/com.st.stm32cube.ide.mcu.externaltools.gnu-tools-for-stm32.10.3-2021.10.win32_1.0.200.202301161003/tools/bin/../lib/gcc/arm-none-eabi/10.3.1/thumb/v7e-m+fp/hard\libgcc.a
LOAD c:/st/stm32cubeide_1.11.2/stm32cubeide/plugins/com.st.stm32cube.ide.mcu.externaltools.gnu-tools-for-stm32.10.3-2021.10.win32_1.0.200.202301161003/tools/bin/../lib/gcc/arm-none-eabi/10.3.1/../../../../arm-none-eabi/lib/thumb/v7e-m+fp/hard\libc_nano.a
END GROUP
START GROUP
LOAD c:/st/stm32cubeide_1.11.2/stm32cubeide/plugins/com.st.stm32cube.ide.mcu.externaltools.gnu-tools-for-stm32.10.3-2021.10.win32_1.0.200.202301161003/tools/bin/../lib/gcc/arm-none-eabi/10.3.1/thumb/v7e-m+fp/hard\libgcc.a
LOAD c:/st/stm32cubeide_1.11.2/stm32cubeide/plugins/com.st.stm32cube.ide.mcu.externaltools.gnu-tools-for-stm32.10.3-2021.10.win32_1.0.200.202301161003/tools/bin/../lib/gcc/arm-none-eabi/10.3.1/../../../../arm-none-eabi/lib/thumb/v7e-m+fp/hard\libc_nano.a
LOAD c:/st/stm32cubeide_1.11.2/stm32cubeide/plugins/com.st.stm32cube.ide.mcu.externaltools.gnu-tools-for-stm32.10.3-2021.10.win32_1.0.200.202301161003/tools/bin/../lib/gcc/arm-none-eabi/10.3.1/../../../../arm-none-eabi/lib/thumb/v7e-m+fp/hard\libnosys.a
END GROUP
START GROUP
LOAD c:/st/stm32cubeide_1.11.2/stm32cubeide/plugins/com.st.stm32cube.ide.mcu.externaltools.gnu-tools-for-stm32.10.3-2021.10.win32_1.0.200.202301161003/tools/bin/../lib/gcc/arm-none-eabi/10.3.1/thumb/v7e-m+fp/hard\libgcc.a
LOAD c:/st/stm32cubeide_1.11.2/stm32cubeide/plugins/com.st.stm32cube.ide.mcu.externaltools.gnu-tools-for-stm32.10.3-2021.10.win32_1.0.200.202301161003/tools/bin/../lib/gcc/arm-none-eabi/10.3.1/../../../../arm-none-eabi/lib/thumb/v7e-m+fp/hard\libc_nano.a
LOAD c:/st/stm32cubeide_1.11.2/stm32cubeide/plugins/com.st.stm32cube.ide.mcu.externaltools.gnu-tools-for-stm32.10.3-2021.10.win32_1.0.200.202301161003/tools/bin/../lib/gcc/arm-none-eabi/10.3.1/../../../../arm-none-eabi/lib/thumb/v7e-m+fp/hard\libnosys.a
END GROUP
LOAD c:/st/stm32cubeide_1.11.2/stm32cubeide/plugins/com.st.stm32cube.ide.mcu.externaltools.gnu-tools-for-stm32.10.3-2021.10.win32_1.0.200.202301161003/tools/bin/../lib/gcc/arm-none-eabi/10.3.1/thumb/v7e-m+fp/hard/crtend.o
LOAD c:/st/stm32cubeide_1.11.2/stm32cubeide/plugins/com.st.stm32cube.ide.mcu.externaltools.gnu-tools-for-stm32.10.3-2021.10.win32_1.0.200.202301161003/tools/bin/../lib/gcc/arm-none-eabi/10.3.1/thumb/v7e-m+fp/hard/crtn.o
                0x0000000020020000                _estack = (ORIGIN (RAM) + LENGTH (RAM))
                0x0000000000000800                _Min_Heap_Size = 0x800
                0x0000000000000b00                _Min_Stack_Size = 0xb00

.isr_vector     0x0000000008000000      0x1c4
                0x0000000008000000                . = ALIGN (0x4)
 *(.isr_vector)
 .isr_vector    0x0000000008000000      0x1c4 ./Core/Startup/startup_stm32f446zetx.o
                0x0000000008000000                g_pfnVectors
                0x00000000080001c4                . = ALIGN (0x4)

.text           0x00000000080001c4     0xce9c
                0x00000000080001c4                . = ALIGN (0x4)
 *(.text)
 .text          0x00000000080001c4       0x40 c:/st/stm32cubeide_1.11.2/stm32cubeide/plugins/com.st.stm32cube.ide.mcu.externaltools.gnu-tools-for-stm32.10.3-2021.10.win32_1.0.200.202301161003/tools/bin/../lib/gcc/arm-none-eabi/10.3.1/thumb/v7e-m+fp/hard/crtbegin.o
 .text          0x0000000008000204       0x10 c:/st/stm32cubeide_1.11.2/stm32cubeide/plugins/com.st.stm32cube.ide.mcu.externaltools.gnu-tools-for-stm32.10.3-2021.10.win32_1.0.200.202301161003/tools/bin/../lib/gcc/arm-none-eabi/10.3.1/../../../../arm-none-eabi/lib/thumb/v7e-m+fp/hard\libc_nano.a(lib_a-strlen.o)
                0x0000000008000204                strlen
 .text          0x0000000008000214       0x30 c:/st/stm32cubeide_1.11.2/stm32cubeide/plugins/com.st.stm32cube.ide.mcu.externaltools.gnu-tools-for-stm32.10.3-2021.10.win32_1.0.200.202301161003/tools/bin/../lib/gcc/arm-none-eabi/10.3.1/thumb/v7e-m+fp/hard\libgcc.a(_aeabi_uldivmod.o)
                0x0000000008000214                __aeabi_uldivmod
 .text          0x0000000008000244      0x2d0 c:/st/stm32cubeide_1.11.2/stm32cubeide/plugins/com.st.stm32cube.ide.mcu.externaltools.gnu-tools-for-stm32.10.3-2021.10.win32_1.0.200.202301161003/tools/bin/../lib/gcc/arm-none-eabi/10.3.1/thumb/v7e-m+fp/hard\libgcc.a(_udivmoddi4.o)
                0x0000000008000244                __udivmoddi4
 .text          0x0000000008000514        0x4 c:/st/stm32cubeide_1.11.2/stm32cubeide/plugins/com.st.stm32cube.ide.mcu.externaltools.gnu-tools-for-stm32.10.3-2021.10.win32_1.0.200.202301161003/tools/bin/../lib/gcc/arm-none-eabi/10.3.1/thumb/v7e-m+fp/hard\libgcc.a(_dvmd_tls.o)
                0x0000000008000514                __aeabi_idiv0
                0x0000000008000514                __aeabi_ldiv0
 *(.text*)
 .text.MX_ADC1_Init
                0x0000000008000518       0xa4 ./Core/Src/adc.o
                0x0000000008000518                MX_ADC1_Init
 .text.HAL_ADC_MspInit
                0x00000000080005bc       0xec ./Core/Src/adc.o
                0x00000000080005bc                HAL_ADC_MspInit
 .text.ADC_Start_DMA
                0x00000000080006a8       0x20 ./Core/Src/adc.o
                0x00000000080006a8                ADC_Start_DMA
 .text.HAL_ADC_ConvCpltCallback
                0x00000000080006c8       0x30 ./Core/Src/adc.o
                0x00000000080006c8                HAL_ADC_ConvCpltCallback
 .text.MX_DAC_Init
                0x00000000080006f8       0x54 ./Core/Src/dac.o
                0x00000000080006f8                MX_DAC_Init
 .text.HAL_DAC_MspInit
                0x000000000800074c       0x98 ./Core/Src/dac.o
                0x000000000800074c                HAL_DAC_MspInit
 .text.dac_setVal
                0x00000000080007e4       0x20 ./Core/Src/dac.o
                0x00000000080007e4                dac_setVal
 .text.MX_DMA_Init
                0x0000000008000804       0x40 ./Core/Src/dma.o
                0x0000000008000804                MX_DMA_Init
 .text.MX_GPIO_Init
                0x0000000008000844      0x280 ./Core/Src/gpio.o
                0x0000000008000844                MX_GPIO_Init
 .text.main     0x0000000008000ac4       0x54 ./Core/Src/main.o
                0x0000000008000ac4                main
 .text.SystemClock_Config
                0x0000000008000b18       0xdc ./Core/Src/main.o
                0x0000000008000b18                SystemClock_Config
 .text.Error_Handler
                0x0000000008000bf4        0xa ./Core/Src/main.o
                0x0000000008000bf4                Error_Handler
 .text.assert_failed
                0x0000000008000bfe       0x16 ./Core/Src/main.o
                0x0000000008000bfe                assert_failed
 .text.MX_SPI3_Init
                0x0000000008000c14       0x6c ./Core/Src/spi.o
                0x0000000008000c14                MX_SPI3_Init
 .text.HAL_SPI_MspInit
                0x0000000008000c80       0x90 ./Core/Src/spi.o
                0x0000000008000c80                HAL_SPI_MspInit
 .text.WR_CMD   0x0000000008000d10       0x2c ./Core/Src/spi.o
                0x0000000008000d10                WR_CMD
 .text.spi_Select
                0x0000000008000d3c       0x18 ./Core/Src/ssc_bsp.o
                0x0000000008000d3c                spi_Select
 .text.spi_Deselect
                0x0000000008000d54       0x18 ./Core/Src/ssc_bsp.o
                0x0000000008000d54                spi_Deselect
 .text.al_Event_Int_Enable
                0x0000000008000d6c        0xe ./Core/Src/ssc_bsp.o
                0x0000000008000d6c                al_Event_Int_Enable
 .text.al_Event_Int_Disable
                0x0000000008000d7a        0xe ./Core/Src/ssc_bsp.o
                0x0000000008000d7a                al_Event_Int_Disable
 .text.timer_Esc_IT_Start
                0x0000000008000d88       0x14 ./Core/Src/ssc_bsp.o
                0x0000000008000d88                timer_Esc_IT_Start
 .text.timer_Get_Value
                0x0000000008000d9c       0x18 ./Core/Src/ssc_bsp.o
                0x0000000008000d9c                timer_Get_Value
 .text.enable_Irq_Sync0_Sync1
                0x0000000008000db4        0xc ./Core/Src/ssc_bsp.o
                0x0000000008000db4                enable_Irq_Sync0_Sync1
 .text.disable_Irq_Sync0_Sync1
                0x0000000008000dc0        0xc ./Core/Src/ssc_bsp.o
                0x0000000008000dc0                disable_Irq_Sync0_Sync1
 .text.HAL_TIM_PeriodElapsedCallback
                0x0000000008000dcc       0x40 ./Core/Src/ssc_bsp.o
                0x0000000008000dcc                HAL_TIM_PeriodElapsedCallback
 .text.HAL_GPIO_EXTI_Callback
                0x0000000008000e0c       0x9c ./Core/Src/ssc_bsp.o
                0x0000000008000e0c                HAL_GPIO_EXTI_Callback
 .text.HAL_MspInit
                0x0000000008000ea8       0x50 ./Core/Src/stm32f4xx_hal_msp.o
                0x0000000008000ea8                HAL_MspInit
 .text.NMI_Handler
                0x0000000008000ef8        0x6 ./Core/Src/stm32f4xx_it.o
                0x0000000008000ef8                NMI_Handler
 .text.HardFault_Handler
                0x0000000008000efe        0x6 ./Core/Src/stm32f4xx_it.o
                0x0000000008000efe                HardFault_Handler
 .text.MemManage_Handler
                0x0000000008000f04        0x6 ./Core/Src/stm32f4xx_it.o
                0x0000000008000f04                MemManage_Handler
 .text.BusFault_Handler
                0x0000000008000f0a        0x6 ./Core/Src/stm32f4xx_it.o
                0x0000000008000f0a                BusFault_Handler
 .text.UsageFault_Handler
                0x0000000008000f10        0x6 ./Core/Src/stm32f4xx_it.o
                0x0000000008000f10                UsageFault_Handler
 .text.SVC_Handler
                0x0000000008000f16        0xe ./Core/Src/stm32f4xx_it.o
                0x0000000008000f16                SVC_Handler
 .text.DebugMon_Handler
                0x0000000008000f24        0xe ./Core/Src/stm32f4xx_it.o
                0x0000000008000f24                DebugMon_Handler
 .text.PendSV_Handler
                0x0000000008000f32        0xe ./Core/Src/stm32f4xx_it.o
                0x0000000008000f32                PendSV_Handler
 .text.SysTick_Handler
                0x0000000008000f40        0xc ./Core/Src/stm32f4xx_it.o
                0x0000000008000f40                SysTick_Handler
 .text.EXTI9_5_IRQHandler
                0x0000000008000f4c       0x1a ./Core/Src/stm32f4xx_it.o
                0x0000000008000f4c                EXTI9_5_IRQHandler
 .text.EXTI15_10_IRQHandler
                0x0000000008000f66       0x10 ./Core/Src/stm32f4xx_it.o
                0x0000000008000f66                EXTI15_10_IRQHandler
 *fill*         0x0000000008000f76        0x2 
 .text.TIM6_DAC_IRQHandler
                0x0000000008000f78       0x1c ./Core/Src/stm32f4xx_it.o
                0x0000000008000f78                TIM6_DAC_IRQHandler
 .text.DMA2_Stream0_IRQHandler
                0x0000000008000f94       0x14 ./Core/Src/stm32f4xx_it.o
                0x0000000008000f94                DMA2_Stream0_IRQHandler
 .text._sbrk    0x0000000008000fa8       0x6c ./Core/Src/sysmem.o
                0x0000000008000fa8                _sbrk
 .text.SystemInit
                0x0000000008001014       0x24 ./Core/Src/system_stm32f4xx.o
                0x0000000008001014                SystemInit
 .text.MX_TIM6_Init
                0x0000000008001038       0x6c ./Core/Src/tim.o
                0x0000000008001038                MX_TIM6_Init
 .text.HAL_TIM_Base_MspInit
                0x00000000080010a4       0x50 ./Core/Src/tim.o
                0x00000000080010a4                HAL_TIM_Base_MspInit
 .text.MX_USART3_UART_Init
                0x00000000080010f4       0x54 ./Core/Src/usart.o
                0x00000000080010f4                MX_USART3_UART_Init
 .text.HAL_UART_MspInit
                0x0000000008001148       0x90 ./Core/Src/usart.o
                0x0000000008001148                HAL_UART_MspInit
 .text.Reset_Handler
                0x00000000080011d8       0x50 ./Core/Startup/startup_stm32f446zetx.o
                0x00000000080011d8                Reset_Handler
 .text.Default_Handler
                0x0000000008001228        0x2 ./Core/Startup/startup_stm32f446zetx.o
                0x0000000008001228                RTC_Alarm_IRQHandler
                0x0000000008001228                EXTI2_IRQHandler
                0x0000000008001228                TIM8_CC_IRQHandler
                0x0000000008001228                FMPI2C1_EV_IRQHandler
                0x0000000008001228                SPI4_IRQHandler
                0x0000000008001228                TIM1_CC_IRQHandler
                0x0000000008001228                DMA2_Stream5_IRQHandler
                0x0000000008001228                DMA1_Stream5_IRQHandler
                0x0000000008001228                PVD_IRQHandler
                0x0000000008001228                SDIO_IRQHandler
                0x0000000008001228                TAMP_STAMP_IRQHandler
                0x0000000008001228                CAN2_RX1_IRQHandler
                0x0000000008001228                EXTI3_IRQHandler
                0x0000000008001228                TIM8_TRG_COM_TIM14_IRQHandler
                0x0000000008001228                TIM1_UP_TIM10_IRQHandler
                0x0000000008001228                TIM8_UP_TIM13_IRQHandler
                0x0000000008001228                I2C3_ER_IRQHandler
                0x0000000008001228                EXTI0_IRQHandler
                0x0000000008001228                I2C2_EV_IRQHandler
                0x0000000008001228                DMA1_Stream2_IRQHandler
                0x0000000008001228                CAN1_RX0_IRQHandler
                0x0000000008001228                FPU_IRQHandler
                0x0000000008001228                OTG_HS_WKUP_IRQHandler
                0x0000000008001228                CAN2_SCE_IRQHandler
                0x0000000008001228                DMA2_Stream2_IRQHandler
                0x0000000008001228                SPI1_IRQHandler
                0x0000000008001228                TIM1_BRK_TIM9_IRQHandler
                0x0000000008001228                DCMI_IRQHandler
                0x0000000008001228                CAN2_RX0_IRQHandler
                0x0000000008001228                DMA2_Stream3_IRQHandler
                0x0000000008001228                SAI2_IRQHandler
                0x0000000008001228                USART6_IRQHandler
                0x0000000008001228                USART3_IRQHandler
                0x0000000008001228                CAN1_RX1_IRQHandler
                0x0000000008001228                UART5_IRQHandler
                0x0000000008001228                TIM4_IRQHandler
                0x0000000008001228                QUADSPI_IRQHandler
                0x0000000008001228                I2C1_EV_IRQHandler
                0x0000000008001228                DMA1_Stream6_IRQHandler
                0x0000000008001228                DMA1_Stream1_IRQHandler
                0x0000000008001228                UART4_IRQHandler
                0x0000000008001228                TIM3_IRQHandler
                0x0000000008001228                RCC_IRQHandler
                0x0000000008001228                TIM8_BRK_TIM12_IRQHandler
                0x0000000008001228                Default_Handler
                0x0000000008001228                CEC_IRQHandler
                0x0000000008001228                ADC_IRQHandler
                0x0000000008001228                DMA1_Stream7_IRQHandler
                0x0000000008001228                TIM7_IRQHandler
                0x0000000008001228                CAN2_TX_IRQHandler
                0x0000000008001228                TIM5_IRQHandler
                0x0000000008001228                DMA2_Stream7_IRQHandler
                0x0000000008001228                I2C3_EV_IRQHandler
                0x0000000008001228                RTC_WKUP_IRQHandler
                0x0000000008001228                SPDIF_RX_IRQHandler
                0x0000000008001228                SPI2_IRQHandler
                0x0000000008001228                OTG_HS_EP1_IN_IRQHandler
                0x0000000008001228                DMA1_Stream0_IRQHandler
                0x0000000008001228                CAN1_TX_IRQHandler
                0x0000000008001228                FMPI2C1_ER_IRQHandler
                0x0000000008001228                EXTI4_IRQHandler
                0x0000000008001228                OTG_HS_EP1_OUT_IRQHandler
                0x0000000008001228                WWDG_IRQHandler
                0x0000000008001228                TIM2_IRQHandler
                0x0000000008001228                OTG_FS_WKUP_IRQHandler
                0x0000000008001228                TIM1_TRG_COM_TIM11_IRQHandler
                0x0000000008001228                OTG_HS_IRQHandler
                0x0000000008001228                EXTI1_IRQHandler
                0x0000000008001228                USART2_IRQHandler
                0x0000000008001228                I2C2_ER_IRQHandler
                0x0000000008001228                DMA2_Stream1_IRQHandler
                0x0000000008001228                CAN1_SCE_IRQHandler
                0x0000000008001228                FLASH_IRQHandler
                0x0000000008001228                DMA2_Stream4_IRQHandler
                0x0000000008001228                USART1_IRQHandler
                0x0000000008001228                OTG_FS_IRQHandler
                0x0000000008001228                SPI3_IRQHandler
                0x0000000008001228                DMA1_Stream4_IRQHandler
                0x0000000008001228                I2C1_ER_IRQHandler
                0x0000000008001228                FMC_IRQHandler
                0x0000000008001228                DMA2_Stream6_IRQHandler
                0x0000000008001228                SAI1_IRQHandler
                0x0000000008001228                DMA1_Stream3_IRQHandler
 *fill*         0x000000000800122a        0x2 
 .text.HAL_Init
                0x000000000800122c       0x44 ./Drivers/STM32F4xx_HAL_Driver/stm32f4xx_hal.o
                0x000000000800122c                HAL_Init
 .text.HAL_InitTick
                0x0000000008001270       0x60 ./Drivers/STM32F4xx_HAL_Driver/stm32f4xx_hal.o
                0x0000000008001270                HAL_InitTick
 .text.HAL_IncTick
                0x00000000080012d0       0x28 ./Drivers/STM32F4xx_HAL_Driver/stm32f4xx_hal.o
                0x00000000080012d0                HAL_IncTick
 .text.HAL_GetTick
                0x00000000080012f8       0x18 ./Drivers/STM32F4xx_HAL_Driver/stm32f4xx_hal.o
                0x00000000080012f8                HAL_GetTick
 .text.HAL_ADC_Init
                0x0000000008001310      0x2d8 ./Drivers/STM32F4xx_HAL_Driver/stm32f4xx_hal_adc.o
                0x0000000008001310                HAL_ADC_Init
 .text.HAL_ADC_Start_DMA
                0x00000000080015e8      0x26c ./Drivers/STM32F4xx_HAL_Driver/stm32f4xx_hal_adc.o
                0x00000000080015e8                HAL_ADC_Start_DMA
 .text.HAL_ADC_ConvHalfCpltCallback
                0x0000000008001854       0x14 ./Drivers/STM32F4xx_HAL_Driver/stm32f4xx_hal_adc.o
                0x0000000008001854                HAL_ADC_ConvHalfCpltCallback
 .text.HAL_ADC_ErrorCallback
                0x0000000008001868       0x14 ./Drivers/STM32F4xx_HAL_Driver/stm32f4xx_hal_adc.o
                0x0000000008001868                HAL_ADC_ErrorCallback
 .text.HAL_ADC_ConfigChannel
                0x000000000800187c      0x2ec ./Drivers/STM32F4xx_HAL_Driver/stm32f4xx_hal_adc.o
                0x000000000800187c                HAL_ADC_ConfigChannel
 .text.ADC_Init
                0x0000000008001b68      0x214 ./Drivers/STM32F4xx_HAL_Driver/stm32f4xx_hal_adc.o
 .text.ADC_DMAConvCplt
                0x0000000008001d7c       0xba ./Drivers/STM32F4xx_HAL_Driver/stm32f4xx_hal_adc.o
 .text.ADC_DMAHalfConvCplt
                0x0000000008001e36       0x1c ./Drivers/STM32F4xx_HAL_Driver/stm32f4xx_hal_adc.o
 .text.ADC_DMAError
                0x0000000008001e52       0x2e ./Drivers/STM32F4xx_HAL_Driver/stm32f4xx_hal_adc.o
 .text.__NVIC_SetPriorityGrouping
                0x0000000008001e80       0x48 ./Drivers/STM32F4xx_HAL_Driver/stm32f4xx_hal_cortex.o
 .text.__NVIC_GetPriorityGrouping
                0x0000000008001ec8       0x1c ./Drivers/STM32F4xx_HAL_Driver/stm32f4xx_hal_cortex.o
 .text.__NVIC_EnableIRQ
                0x0000000008001ee4       0x3c ./Drivers/STM32F4xx_HAL_Driver/stm32f4xx_hal_cortex.o
 .text.__NVIC_DisableIRQ
                0x0000000008001f20       0x48 ./Drivers/STM32F4xx_HAL_Driver/stm32f4xx_hal_cortex.o
 .text.__NVIC_SetPriority
                0x0000000008001f68       0x54 ./Drivers/STM32F4xx_HAL_Driver/stm32f4xx_hal_cortex.o
 .text.NVIC_EncodePriority
                0x0000000008001fbc       0x66 ./Drivers/STM32F4xx_HAL_Driver/stm32f4xx_hal_cortex.o
 *fill*         0x0000000008002022        0x2 
 .text.SysTick_Config
                0x0000000008002024       0x44 ./Drivers/STM32F4xx_HAL_Driver/stm32f4xx_hal_cortex.o
 .text.HAL_NVIC_SetPriorityGrouping
                0x0000000008002068       0x40 ./Drivers/STM32F4xx_HAL_Driver/stm32f4xx_hal_cortex.o
                0x0000000008002068                HAL_NVIC_SetPriorityGrouping
 .text.HAL_NVIC_SetPriority
                0x00000000080020a8       0x58 ./Drivers/STM32F4xx_HAL_Driver/stm32f4xx_hal_cortex.o
                0x00000000080020a8                HAL_NVIC_SetPriority
 .text.HAL_NVIC_EnableIRQ
                0x0000000008002100       0x30 ./Drivers/STM32F4xx_HAL_Driver/stm32f4xx_hal_cortex.o
                0x0000000008002100                HAL_NVIC_EnableIRQ
 .text.HAL_NVIC_DisableIRQ
                0x0000000008002130       0x30 ./Drivers/STM32F4xx_HAL_Driver/stm32f4xx_hal_cortex.o
                0x0000000008002130                HAL_NVIC_DisableIRQ
 .text.HAL_SYSTICK_Config
                0x0000000008002160       0x18 ./Drivers/STM32F4xx_HAL_Driver/stm32f4xx_hal_cortex.o
                0x0000000008002160                HAL_SYSTICK_Config
 .text.HAL_DAC_Init
                0x0000000008002178       0x60 ./Drivers/STM32F4xx_HAL_Driver/stm32f4xx_hal_dac.o
                0x0000000008002178                HAL_DAC_Init
 .text.HAL_DAC_Start
                0x00000000080021d8       0xbc ./Drivers/STM32F4xx_HAL_Driver/stm32f4xx_hal_dac.o
                0x00000000080021d8                HAL_DAC_Start
 .text.HAL_DAC_IRQHandler
                0x0000000008002294       0xb4 ./Drivers/STM32F4xx_HAL_Driver/stm32f4xx_hal_dac.o
                0x0000000008002294                HAL_DAC_IRQHandler
 .text.HAL_DAC_SetValue
                0x0000000008002348       0x90 ./Drivers/STM32F4xx_HAL_Driver/stm32f4xx_hal_dac.o
                0x0000000008002348                HAL_DAC_SetValue
 .text.HAL_DAC_DMAUnderrunCallbackCh1
                0x00000000080023d8       0x14 ./Drivers/STM32F4xx_HAL_Driver/stm32f4xx_hal_dac.o
                0x00000000080023d8                HAL_DAC_DMAUnderrunCallbackCh1
 .text.HAL_DAC_ConfigChannel
                0x00000000080023ec      0x120 ./Drivers/STM32F4xx_HAL_Driver/stm32f4xx_hal_dac.o
                0x00000000080023ec                HAL_DAC_ConfigChannel
 .text.HAL_DACEx_DMAUnderrunCallbackCh2
                0x000000000800250c       0x14 ./Drivers/STM32F4xx_HAL_Driver/stm32f4xx_hal_dac_ex.o
                0x000000000800250c                HAL_DACEx_DMAUnderrunCallbackCh2
 .text.HAL_DMA_Init
                0x0000000008002520      0x434 ./Drivers/STM32F4xx_HAL_Driver/stm32f4xx_hal_dma.o
                0x0000000008002520                HAL_DMA_Init
 .text.HAL_DMA_Start_IT
                0x0000000008002954       0xcc ./Drivers/STM32F4xx_HAL_Driver/stm32f4xx_hal_dma.o
                0x0000000008002954                HAL_DMA_Start_IT
 .text.HAL_DMA_IRQHandler
                0x0000000008002a20      0x314 ./Drivers/STM32F4xx_HAL_Driver/stm32f4xx_hal_dma.o
                0x0000000008002a20                HAL_DMA_IRQHandler
 .text.DMA_SetConfig
                0x0000000008002d34       0x5c ./Drivers/STM32F4xx_HAL_Driver/stm32f4xx_hal_dma.o
 .text.DMA_CalcBaseAndBitshift
                0x0000000008002d90       0x6c ./Drivers/STM32F4xx_HAL_Driver/stm32f4xx_hal_dma.o
 .text.DMA_CheckFifoParam
                0x0000000008002dfc       0xf8 ./Drivers/STM32F4xx_HAL_Driver/stm32f4xx_hal_dma.o
 .text.HAL_GPIO_Init
                0x0000000008002ef4      0x648 ./Drivers/STM32F4xx_HAL_Driver/stm32f4xx_hal_gpio.o
                0x0000000008002ef4                HAL_GPIO_Init
 .text.HAL_GPIO_ReadPin
                0x000000000800353c       0x4c ./Drivers/STM32F4xx_HAL_Driver/stm32f4xx_hal_gpio.o
                0x000000000800353c                HAL_GPIO_ReadPin
 .text.HAL_GPIO_WritePin
                0x0000000008003588       0x64 ./Drivers/STM32F4xx_HAL_Driver/stm32f4xx_hal_gpio.o
                0x0000000008003588                HAL_GPIO_WritePin
 .text.HAL_GPIO_EXTI_IRQHandler
                0x00000000080035ec       0x30 ./Drivers/STM32F4xx_HAL_Driver/stm32f4xx_hal_gpio.o
                0x00000000080035ec                HAL_GPIO_EXTI_IRQHandler
 .text.HAL_RCC_ClockConfig
                0x000000000800361c      0x34c ./Drivers/STM32F4xx_HAL_Driver/stm32f4xx_hal_rcc.o
                0x000000000800361c                HAL_RCC_ClockConfig
 .text.HAL_RCC_GetHCLKFreq
                0x0000000008003968       0x18 ./Drivers/STM32F4xx_HAL_Driver/stm32f4xx_hal_rcc.o
                0x0000000008003968                HAL_RCC_GetHCLKFreq
 .text.HAL_RCC_GetPCLK1Freq
                0x0000000008003980       0x28 ./Drivers/STM32F4xx_HAL_Driver/stm32f4xx_hal_rcc.o
                0x0000000008003980                HAL_RCC_GetPCLK1Freq
 .text.HAL_RCC_GetPCLK2Freq
                0x00000000080039a8       0x28 ./Drivers/STM32F4xx_HAL_Driver/stm32f4xx_hal_rcc.o
                0x00000000080039a8                HAL_RCC_GetPCLK2Freq
 .text.HAL_RCC_GetSysClockFreq
                0x00000000080039d0      0x460 ./Drivers/STM32F4xx_HAL_Driver/stm32f4xx_hal_rcc_ex.o
                0x00000000080039d0                HAL_RCC_GetSysClockFreq
 .text.HAL_RCC_OscConfig
                0x0000000008003e30      0x6b8 ./Drivers/STM32F4xx_HAL_Driver/stm32f4xx_hal_rcc_ex.o
                0x0000000008003e30                HAL_RCC_OscConfig
 .text.HAL_SPI_Init
                0x00000000080044e8      0x328 ./Drivers/STM32F4xx_HAL_Driver/stm32f4xx_hal_spi.o
                0x00000000080044e8                HAL_SPI_Init
 .text.HAL_SPI_TransmitReceive
                0x0000000008004810      0x35c ./Drivers/STM32F4xx_HAL_Driver/stm32f4xx_hal_spi.o
                0x0000000008004810                HAL_SPI_TransmitReceive
 .text.SPI_WaitFlagStateUntilTimeout
                0x0000000008004b6c      0x110 ./Drivers/STM32F4xx_HAL_Driver/stm32f4xx_hal_spi.o
 .text.SPI_EndRxTxTransaction
                0x0000000008004c7c       0x84 ./Drivers/STM32F4xx_HAL_Driver/stm32f4xx_hal_spi.o
 .text.HAL_TIM_Base_Init
                0x0000000008004d00      0x1e0 ./Drivers/STM32F4xx_HAL_Driver/stm32f4xx_hal_tim.o
                0x0000000008004d00                HAL_TIM_Base_Init
 .text.HAL_TIM_Base_Start_IT
                0x0000000008004ee0      0x18c ./Drivers/STM32F4xx_HAL_Driver/stm32f4xx_hal_tim.o
                0x0000000008004ee0                HAL_TIM_Base_Start_IT
 .text.HAL_TIM_IRQHandler
                0x000000000800506c      0x210 ./Drivers/STM32F4xx_HAL_Driver/stm32f4xx_hal_tim.o
                0x000000000800506c                HAL_TIM_IRQHandler
 .text.HAL_TIM_OC_DelayElapsedCallback
                0x000000000800527c       0x14 ./Drivers/STM32F4xx_HAL_Driver/stm32f4xx_hal_tim.o
                0x000000000800527c                HAL_TIM_OC_DelayElapsedCallback
 .text.HAL_TIM_IC_CaptureCallback
                0x0000000008005290       0x14 ./Drivers/STM32F4xx_HAL_Driver/stm32f4xx_hal_tim.o
                0x0000000008005290                HAL_TIM_IC_CaptureCallback
 .text.HAL_TIM_PWM_PulseFinishedCallback
                0x00000000080052a4       0x14 ./Drivers/STM32F4xx_HAL_Driver/stm32f4xx_hal_tim.o
                0x00000000080052a4                HAL_TIM_PWM_PulseFinishedCallback
 .text.HAL_TIM_TriggerCallback
                0x00000000080052b8       0x14 ./Drivers/STM32F4xx_HAL_Driver/stm32f4xx_hal_tim.o
                0x00000000080052b8                HAL_TIM_TriggerCallback
 .text.TIM_Base_SetConfig
                0x00000000080052cc      0x140 ./Drivers/STM32F4xx_HAL_Driver/stm32f4xx_hal_tim.o
                0x00000000080052cc                TIM_Base_SetConfig
 .text.HAL_TIMEx_MasterConfigSynchronization
                0x000000000800540c      0x1bc ./Drivers/STM32F4xx_HAL_Driver/stm32f4xx_hal_tim_ex.o
                0x000000000800540c                HAL_TIMEx_MasterConfigSynchronization
 .text.HAL_TIMEx_CommutCallback
                0x00000000080055c8       0x14 ./Drivers/STM32F4xx_HAL_Driver/stm32f4xx_hal_tim_ex.o
                0x00000000080055c8                HAL_TIMEx_CommutCallback
 .text.HAL_TIMEx_BreakCallback
                0x00000000080055dc       0x14 ./Drivers/STM32F4xx_HAL_Driver/stm32f4xx_hal_tim_ex.o
                0x00000000080055dc                HAL_TIMEx_BreakCallback
 .text.HAL_UART_Init
                0x00000000080055f0      0x1b4 ./Drivers/STM32F4xx_HAL_Driver/stm32f4xx_hal_uart.o
                0x00000000080055f0                HAL_UART_Init
 .text.UART_SetConfig
                0x00000000080057a4      0x574 ./Drivers/STM32F4xx_HAL_Driver/stm32f4xx_hal_uart.o
 .text.APPL_AckErrorInd
                0x0000000008005d18       0x16 ./SSC/SSC-Device.o
                0x0000000008005d18                APPL_AckErrorInd
 .text.APPL_StartMailboxHandler
                0x0000000008005d2e       0x10 ./SSC/SSC-Device.o
                0x0000000008005d2e                APPL_StartMailboxHandler
 .text.APPL_StopMailboxHandler
                0x0000000008005d3e       0x10 ./SSC/SSC-Device.o
                0x0000000008005d3e                APPL_StopMailboxHandler
 .text.APPL_StartInputHandler
                0x0000000008005d4e       0x16 ./SSC/SSC-Device.o
                0x0000000008005d4e                APPL_StartInputHandler
 .text.APPL_StopInputHandler
                0x0000000008005d64       0x10 ./SSC/SSC-Device.o
                0x0000000008005d64                APPL_StopInputHandler
 .text.APPL_StartOutputHandler
                0x0000000008005d74       0x10 ./SSC/SSC-Device.o
                0x0000000008005d74                APPL_StartOutputHandler
 .text.APPL_StopOutputHandler
                0x0000000008005d84       0x10 ./SSC/SSC-Device.o
                0x0000000008005d84                APPL_StopOutputHandler
 .text.APPL_GenerateMapping
                0x0000000008005d94      0x168 ./SSC/SSC-Device.o
                0x0000000008005d94                APPL_GenerateMapping
 .text.APPL_InputMapping
                0x0000000008005efc       0x24 ./SSC/SSC-Device.o
                0x0000000008005efc                APPL_InputMapping
 .text.APPL_OutputMapping
                0x0000000008005f20       0x20 ./SSC/SSC-Device.o
                0x0000000008005f20                APPL_OutputMapping
 .text.APPL_Application
                0x0000000008005f40       0xac ./SSC/SSC-Device.o
                0x0000000008005f40                APPL_Application
 .text.COE_GetObjectDictionary
                0x0000000008005fec       0x18 ./SSC/coeappl.o
                0x0000000008005fec                COE_GetObjectDictionary
 .text.COE_ObjInit
                0x0000000008006004      0x108 ./SSC/coeappl.o
                0x0000000008006004                COE_ObjInit
 .text.COE_AddObjectToDic
                0x000000000800610c       0xe8 ./SSC/coeappl.o
                0x000000000800610c                COE_AddObjectToDic
 .text.COE_RemoveDicEntry
                0x00000000080061f4       0x80 ./SSC/coeappl.o
                0x00000000080061f4                COE_RemoveDicEntry
 .text.COE_ClearObjDictionary
                0x0000000008006274       0x40 ./SSC/coeappl.o
                0x0000000008006274                COE_ClearObjDictionary
 .text.AddObjectsToObjDictionary
                0x00000000080062b4       0x42 ./SSC/coeappl.o
                0x00000000080062b4                AddObjectsToObjDictionary
 *fill*         0x00000000080062f6        0x2 
 .text.COE_ObjDictionaryInit
                0x00000000080062f8       0x44 ./SSC/coeappl.o
                0x00000000080062f8                COE_ObjDictionaryInit
 .text.COE_Main
                0x000000000800633c       0xd8 ./SSC/coeappl.o
                0x000000000800633c                COE_Main
 .text.PDO_InputMapping
                0x0000000008006414       0x2c ./SSC/ecatappl.o
                0x0000000008006414                PDO_InputMapping
 .text.PDO_OutputMapping
                0x0000000008006440       0x2c ./SSC/ecatappl.o
                0x0000000008006440                PDO_OutputMapping
 .text.ECAT_CheckTimer
                0x000000000800646c       0x54 ./SSC/ecatappl.o
                0x000000000800646c                ECAT_CheckTimer
 .text.HandleBusCycleCalculation
                0x00000000080064c0       0xb0 ./SSC/ecatappl.o
                0x00000000080064c0                HandleBusCycleCalculation
 .text.PDI_Isr  0x0000000008006570      0x150 ./SSC/ecatappl.o
                0x0000000008006570                PDI_Isr
 .text.Sync0_Isr
                0x00000000080066c0      0x154 ./SSC/ecatappl.o
                0x00000000080066c0                Sync0_Isr
 .text.Sync1_Isr
                0x0000000008006814       0x44 ./SSC/ecatappl.o
                0x0000000008006814                Sync1_Isr
 .text.MainInit
                0x0000000008006858       0x44 ./SSC/ecatappl.o
                0x0000000008006858                MainInit
 .text.MainLoop
                0x000000000800689c       0xb8 ./SSC/ecatappl.o
                0x000000000800689c                MainLoop
 .text.ECAT_Application
                0x0000000008006954        0xc ./SSC/ecatappl.o
                0x0000000008006954                ECAT_Application
 .text.COE_Init
                0x0000000008006960       0x24 ./SSC/ecatcoe.o
                0x0000000008006960                COE_Init
 .text.COE_ServiceInd
                0x0000000008006984       0x70 ./SSC/ecatcoe.o
                0x0000000008006984                COE_ServiceInd
 .text.COE_ContinueInd
                0x00000000080069f4       0x5c ./SSC/ecatcoe.o
                0x00000000080069f4                COE_ContinueInd
 .text.EOE_ServiceInd
                0x0000000008006a50      0x37c ./SSC/ecateoe.o
                0x0000000008006a50                EOE_ServiceInd
 .text.SendFragment
                0x0000000008006dcc      0x1f0 ./SSC/ecateoe.o
                0x0000000008006dcc                SendFragment
 .text.EOE_ContinueInd
                0x0000000008006fbc       0x40 ./SSC/ecateoe.o
                0x0000000008006fbc                EOE_ContinueInd
 .text.EOE_SendFrameReq
                0x0000000008006ffc       0x7c ./SSC/ecateoe.o
                0x0000000008006ffc                EOE_SendFrameReq
 .text.FOE_ServiceInd
                0x0000000008007078      0x380 ./SSC/ecatfoe.o
                0x0000000008007078                FOE_ServiceInd
 .text.FOE_ContinueInd
                0x00000000080073f8       0x30 ./SSC/ecatfoe.o
                0x00000000080073f8                FOE_ContinueInd
 .text.ResetALEventMask
                0x0000000008007428       0x44 ./SSC/ecatslv.o
                0x0000000008007428                ResetALEventMask
 .text.SetALEventMask
                0x000000000800746c       0x44 ./SSC/ecatslv.o
                0x000000000800746c                SetALEventMask
 .text.UpdateEEPROMLoadedState
                0x00000000080074b0       0x4c ./SSC/ecatslv.o
                0x00000000080074b0                UpdateEEPROMLoadedState
 .text.GetSyncMan
                0x00000000080074fc       0x30 ./SSC/ecatslv.o
                0x00000000080074fc                GetSyncMan
 .text.DisableSyncManChannel
                0x000000000800752c       0x50 ./SSC/ecatslv.o
                0x000000000800752c                DisableSyncManChannel
 .text.EnableSyncManChannel
                0x000000000800757c       0x4e ./SSC/ecatslv.o
                0x000000000800757c                EnableSyncManChannel
 *fill*         0x00000000080075ca        0x2 
 .text.CheckSmSettings
                0x00000000080075cc      0x3f8 ./SSC/ecatslv.o
                0x00000000080075cc                CheckSmSettings
 .text.StartInputHandler
                0x00000000080079c4      0x780 ./SSC/ecatslv.o
                0x00000000080079c4                StartInputHandler
 .text.StartOutputHandler
                0x0000000008008144       0x50 ./SSC/ecatslv.o
                0x0000000008008144                StartOutputHandler
 .text.StopOutputHandler
                0x0000000008008194       0x24 ./SSC/ecatslv.o
                0x0000000008008194                StopOutputHandler
 .text.StopInputHandler
                0x00000000080081b8      0x108 ./SSC/ecatslv.o
                0x00000000080081b8                StopInputHandler
 .text.BackToInitTransition
                0x00000000080082c0       0x18 ./SSC/ecatslv.o
                0x00000000080082c0                BackToInitTransition
 .text.SetALStatus
                0x00000000080082d8       0x6c ./SSC/ecatslv.o
                0x00000000080082d8                SetALStatus
 .text.AL_ControlInd
                0x0000000008008344      0x760 ./SSC/ecatslv.o
                0x0000000008008344                AL_ControlInd
 .text.AL_ControlRes
                0x0000000008008aa4      0x2b4 ./SSC/ecatslv.o
                0x0000000008008aa4                AL_ControlRes
 .text.DC_CheckWatchdog
                0x0000000008008d58      0x11c ./SSC/ecatslv.o
                0x0000000008008d58                DC_CheckWatchdog
 .text.CheckIfEcatError
                0x0000000008008e74       0xa4 ./SSC/ecatslv.o
                0x0000000008008e74                CheckIfEcatError
 .text.ECAT_Init
                0x0000000008008f18      0x154 ./SSC/ecatslv.o
                0x0000000008008f18                ECAT_Init
 .text.ECAT_Main
                0x000000000800906c      0x1a0 ./SSC/ecatslv.o
                0x000000000800906c                ECAT_Main
 .text.GetInterruptRegister
                0x000000000800920c       0x38 ./SSC/el9800hw.o
 .text.ISR_GetInterruptRegister
                0x0000000008009244       0x34 ./SSC/el9800hw.o
 .text.AddressingEsc
                0x0000000008009278       0x4a ./SSC/el9800hw.o
 .text.ISR_AddressingEsc
                0x00000000080092c2       0x4a ./SSC/el9800hw.o
 .text.HW_Init  0x000000000800930c       0x70 ./SSC/el9800hw.o
                0x000000000800930c                HW_Init
 .text.HW_GetALEventRegister
                0x000000000800937c       0x14 ./SSC/el9800hw.o
                0x000000000800937c                HW_GetALEventRegister
 .text.HW_GetALEventRegister_Isr
                0x0000000008009390       0x14 ./SSC/el9800hw.o
                0x0000000008009390                HW_GetALEventRegister_Isr
 .text.HW_EscRead
                0x00000000080093a4       0x5c ./SSC/el9800hw.o
                0x00000000080093a4                HW_EscRead
 .text.HW_EscReadIsr
                0x0000000008009400       0x5c ./SSC/el9800hw.o
                0x0000000008009400                HW_EscReadIsr
 .text.HW_EscWrite
                0x000000000800945c       0x5e ./SSC/el9800hw.o
                0x000000000800945c                HW_EscWrite
 .text.HW_EscWriteIsr
                0x00000000080094ba       0x50 ./SSC/el9800hw.o
                0x00000000080094ba                HW_EscWriteIsr
 .text.EscIsr   0x000000000800950a        0xc ./SSC/el9800hw.o
                0x000000000800950a                EscIsr
 .text.Sync0Isr
                0x0000000008009516        0xc ./SSC/el9800hw.o
                0x0000000008009516                Sync0Isr
 .text.Sync1Isr
                0x0000000008009522        0xc ./SSC/el9800hw.o
                0x0000000008009522                Sync1Isr
 .text.EOEAPPL_CalcCheckSum
                0x000000000800952e       0x8a ./SSC/eoeappl.o
                0x000000000800952e                EOEAPPL_CalcCheckSum
 .text.EOEAPPL_ReceiveFrameInd
                0x00000000080095b8      0x1f8 ./SSC/eoeappl.o
                0x00000000080095b8                EOEAPPL_ReceiveFrameInd
 .text.EOEAPPL_GetSettingsInd
                0x00000000080097b0       0xac ./SSC/eoeappl.o
                0x00000000080097b0                EOEAPPL_GetSettingsInd
 .text.EOEAPPL_SettingsInd
                0x000000000800985c       0x94 ./SSC/eoeappl.o
                0x000000000800985c                EOEAPPL_SettingsInd
 .text.FOE_Read
                0x00000000080098f0       0xb4 ./SSC/foeappl.o
                0x00000000080098f0                FOE_Read
 .text.FOE_Write
                0x00000000080099a4       0x5c ./SSC/foeappl.o
                0x00000000080099a4                FOE_Write
 .text.FOE_Data
                0x0000000008009a00       0x88 ./SSC/foeappl.o
                0x0000000008009a00                FOE_Data
 .text.FOE_Ack  0x0000000008009a88       0x78 ./SSC/foeappl.o
                0x0000000008009a88                FOE_Ack
 .text.FOE_Busy
                0x0000000008009b00       0x20 ./SSC/foeappl.o
                0x0000000008009b00                FOE_Busy
 .text.FOE_Error
                0x0000000008009b20       0x3c ./SSC/foeappl.o
                0x0000000008009b20                FOE_Error
 .text.PutInMbxQueue
                0x0000000008009b5c       0x52 ./SSC/mailbox.o
                0x0000000008009b5c                PutInMbxQueue
 .text.GetOutOfMbxQueue
                0x0000000008009bae       0x58 ./SSC/mailbox.o
                0x0000000008009bae                GetOutOfMbxQueue
 *fill*         0x0000000008009c06        0x2 
 .text.MBX_Init
                0x0000000008009c08      0x10c ./SSC/mailbox.o
                0x0000000008009c08                MBX_Init
 .text.MBX_StartMailboxHandler
                0x0000000008009d14       0xec ./SSC/mailbox.o
                0x0000000008009d14                MBX_StartMailboxHandler
 .text.MBX_StopMailboxHandler
                0x0000000008009e00      0x154 ./SSC/mailbox.o
                0x0000000008009e00                MBX_StopMailboxHandler
 .text.MailboxServiceInd
                0x0000000008009f54       0x56 ./SSC/mailbox.o
                0x0000000008009f54                MailboxServiceInd
 *fill*         0x0000000008009faa        0x2 
 .text.MBX_MailboxWriteInd
                0x0000000008009fac       0xc0 ./SSC/mailbox.o
                0x0000000008009fac                MBX_MailboxWriteInd
 .text.MBX_MailboxReadInd
                0x000000000800a06c      0x11c ./SSC/mailbox.o
                0x000000000800a06c                MBX_MailboxReadInd
 .text.MBX_MailboxRepeatReq
                0x000000000800a188       0x7c ./SSC/mailbox.o
                0x000000000800a188                MBX_MailboxRepeatReq
 .text.MBX_MailboxSendReq
                0x000000000800a204       0xd8 ./SSC/mailbox.o
                0x000000000800a204                MBX_MailboxSendReq
 .text.MBX_CheckAndCopyMailbox
                0x000000000800a2dc      0x144 ./SSC/mailbox.o
                0x000000000800a2dc                MBX_CheckAndCopyMailbox
 .text.MBX_CopyToSendMailbox
                0x000000000800a420      0x114 ./SSC/mailbox.o
                0x000000000800a420                MBX_CopyToSendMailbox
 .text.MBX_Main
                0x000000000800a534       0x78 ./SSC/mailbox.o
                0x000000000800a534                MBX_Main
 .text.OBJ_GetObjectHandle
                0x000000000800a5ac       0x36 ./SSC/objdef.o
                0x000000000800a5ac                OBJ_GetObjectHandle
 .text.OBJ_GetObjectLength
                0x000000000800a5e2      0x10e ./SSC/objdef.o
                0x000000000800a5e2                OBJ_GetObjectLength
 .text.OBJ_CopyNumberToString
                0x000000000800a6f0       0x98 ./SSC/objdef.o
                0x000000000800a6f0                OBJ_CopyNumberToString
 .text.OBJ_GetNoOfObjects
                0x000000000800a788       0x96 ./SSC/objdef.o
                0x000000000800a788                OBJ_GetNoOfObjects
 *fill*         0x000000000800a81e        0x2 
 .text.OBJ_GetObjectList
                0x000000000800a820       0xf8 ./SSC/objdef.o
                0x000000000800a820                OBJ_GetObjectList
 .text.OBJ_GetDesc
                0x000000000800a918      0x128 ./SSC/objdef.o
                0x000000000800a918                OBJ_GetDesc
 .text.OBJ_GetEntryDesc
                0x000000000800aa40       0x58 ./SSC/objdef.o
                0x000000000800aa40                OBJ_GetEntryDesc
 .text.OBJ_GetObjDesc
                0x000000000800aa98       0x18 ./SSC/objdef.o
                0x000000000800aa98                OBJ_GetObjDesc
 .text.OBJ_GetEntryOffset
                0x000000000800aab0      0x204 ./SSC/objdef.o
                0x000000000800aab0                OBJ_GetEntryOffset
 .text.CheckSyncTypeValue
                0x000000000800acb4      0x1b4 ./SSC/objdef.o
                0x000000000800acb4                CheckSyncTypeValue
 .text.OBJ_Read
                0x000000000800ae68      0x6a8 ./SSC/objdef.o
                0x000000000800ae68                OBJ_Read
 .text.OBJ_Write
                0x000000000800b510      0x6b8 ./SSC/objdef.o
                0x000000000800b510                OBJ_Write
 .text.SdoDownloadSegmentInd
                0x000000000800bbc8      0x380 ./SSC/sdoserv.o
 .text.SdoUploadSegmentInd
                0x000000000800bf48      0x248 ./SSC/sdoserv.o
 .text.SdoRes   0x000000000800c190      0x17c ./SSC/sdoserv.o
                0x000000000800c190                SdoRes
 .text.SDOS_SdoInd
                0x000000000800c30c      0x568 ./SSC/sdoserv.o
                0x000000000800c30c                SDOS_SdoInd
 .text.SDOS_SdoRes
                0x000000000800c874      0x11c ./SSC/sdoserv.o
                0x000000000800c874                SDOS_SdoRes
 .text.SDOS_SdoInfoInd
                0x000000000800c990      0x3fc ./SSC/sdoserv.o
                0x000000000800c990                SDOS_SdoInfoInd
 .text.__errno  0x000000000800cd8c        0xc c:/st/stm32cubeide_1.11.2/stm32cubeide/plugins/com.st.stm32cube.ide.mcu.externaltools.gnu-tools-for-stm32.10.3-2021.10.win32_1.0.200.202301161003/tools/bin/../lib/gcc/arm-none-eabi/10.3.1/../../../../arm-none-eabi/lib/thumb/v7e-m+fp/hard\libc_nano.a(lib_a-errno.o)
                0x000000000800cd8c                __errno
 .text.__libc_init_array
                0x000000000800cd98       0x48 c:/st/stm32cubeide_1.11.2/stm32cubeide/plugins/com.st.stm32cube.ide.mcu.externaltools.gnu-tools-for-stm32.10.3-2021.10.win32_1.0.200.202301161003/tools/bin/../lib/gcc/arm-none-eabi/10.3.1/../../../../arm-none-eabi/lib/thumb/v7e-m+fp/hard\libc_nano.a(lib_a-init.o)
                0x000000000800cd98                __libc_init_array
 .text.malloc   0x000000000800cde0       0x10 c:/st/stm32cubeide_1.11.2/stm32cubeide/plugins/com.st.stm32cube.ide.mcu.externaltools.gnu-tools-for-stm32.10.3-2021.10.win32_1.0.200.202301161003/tools/bin/../lib/gcc/arm-none-eabi/10.3.1/../../../../arm-none-eabi/lib/thumb/v7e-m+fp/hard\libc_nano.a(lib_a-malloc.o)
                0x000000000800cde0                malloc
 .text.free     0x000000000800cdf0       0x10 c:/st/stm32cubeide_1.11.2/stm32cubeide/plugins/com.st.stm32cube.ide.mcu.externaltools.gnu-tools-for-stm32.10.3-2021.10.win32_1.0.200.202301161003/tools/bin/../lib/gcc/arm-none-eabi/10.3.1/../../../../arm-none-eabi/lib/thumb/v7e-m+fp/hard\libc_nano.a(lib_a-malloc.o)
                0x000000000800cdf0                free
 .text.memcmp   0x000000000800ce00       0x20 c:/st/stm32cubeide_1.11.2/stm32cubeide/plugins/com.st.stm32cube.ide.mcu.externaltools.gnu-tools-for-stm32.10.3-2021.10.win32_1.0.200.202301161003/tools/bin/../lib/gcc/arm-none-eabi/10.3.1/../../../../arm-none-eabi/lib/thumb/v7e-m+fp/hard\libc_nano.a(lib_a-memcmp.o)
                0x000000000800ce00                memcmp
 .text.memcpy   0x000000000800ce20       0x1c c:/st/stm32cubeide_1.11.2/stm32cubeide/plugins/com.st.stm32cube.ide.mcu.externaltools.gnu-tools-for-stm32.10.3-2021.10.win32_1.0.200.202301161003/tools/bin/../lib/gcc/arm-none-eabi/10.3.1/../../../../arm-none-eabi/lib/thumb/v7e-m+fp/hard\libc_nano.a(lib_a-memcpy-stub.o)
                0x000000000800ce20                memcpy
 .text.memset   0x000000000800ce3c       0x10 c:/st/stm32cubeide_1.11.2/stm32cubeide/plugins/com.st.stm32cube.ide.mcu.externaltools.gnu-tools-for-stm32.10.3-2021.10.win32_1.0.200.202301161003/tools/bin/../lib/gcc/arm-none-eabi/10.3.1/../../../../arm-none-eabi/lib/thumb/v7e-m+fp/hard\libc_nano.a(lib_a-memset.o)
                0x000000000800ce3c                memset
 .text._free_r  0x000000000800ce4c       0x98 c:/st/stm32cubeide_1.11.2/stm32cubeide/plugins/com.st.stm32cube.ide.mcu.externaltools.gnu-tools-for-stm32.10.3-2021.10.win32_1.0.200.202301161003/tools/bin/../lib/gcc/arm-none-eabi/10.3.1/../../../../arm-none-eabi/lib/thumb/v7e-m+fp/hard\libc_nano.a(lib_a-nano-freer.o)
                0x000000000800ce4c                _free_r
 .text.sbrk_aligned
                0x000000000800cee4       0x40 c:/st/stm32cubeide_1.11.2/stm32cubeide/plugins/com.st.stm32cube.ide.mcu.externaltools.gnu-tools-for-stm32.10.3-2021.10.win32_1.0.200.202301161003/tools/bin/../lib/gcc/arm-none-eabi/10.3.1/../../../../arm-none-eabi/lib/thumb/v7e-m+fp/hard\libc_nano.a(lib_a-nano-mallocr.o)
 .text._malloc_r
                0x000000000800cf24       0xe8 c:/st/stm32cubeide_1.11.2/stm32cubeide/plugins/com.st.stm32cube.ide.mcu.externaltools.gnu-tools-for-stm32.10.3-2021.10.win32_1.0.200.202301161003/tools/bin/../lib/gcc/arm-none-eabi/10.3.1/../../../../arm-none-eabi/lib/thumb/v7e-m+fp/hard\libc_nano.a(lib_a-nano-mallocr.o)
                0x000000000800cf24                _malloc_r
 .text._sbrk_r  0x000000000800d00c       0x20 c:/st/stm32cubeide_1.11.2/stm32cubeide/plugins/com.st.stm32cube.ide.mcu.externaltools.gnu-tools-for-stm32.10.3-2021.10.win32_1.0.200.202301161003/tools/bin/../lib/gcc/arm-none-eabi/10.3.1/../../../../arm-none-eabi/lib/thumb/v7e-m+fp/hard\libc_nano.a(lib_a-sbrkr.o)
                0x000000000800d00c                _sbrk_r
 .text.__malloc_lock
                0x000000000800d02c        0xc c:/st/stm32cubeide_1.11.2/stm32cubeide/plugins/com.st.stm32cube.ide.mcu.externaltools.gnu-tools-for-stm32.10.3-2021.10.win32_1.0.200.202301161003/tools/bin/../lib/gcc/arm-none-eabi/10.3.1/../../../../arm-none-eabi/lib/thumb/v7e-m+fp/hard\libc_nano.a(lib_a-mlock.o)
                0x000000000800d02c                __malloc_lock
 .text.__malloc_unlock
                0x000000000800d038        0xc c:/st/stm32cubeide_1.11.2/stm32cubeide/plugins/com.st.stm32cube.ide.mcu.externaltools.gnu-tools-for-stm32.10.3-2021.10.win32_1.0.200.202301161003/tools/bin/../lib/gcc/arm-none-eabi/10.3.1/../../../../arm-none-eabi/lib/thumb/v7e-m+fp/hard\libc_nano.a(lib_a-mlock.o)
                0x000000000800d038                __malloc_unlock
 .text.__retarget_lock_acquire_recursive
                0x000000000800d044        0x2 c:/st/stm32cubeide_1.11.2/stm32cubeide/plugins/com.st.stm32cube.ide.mcu.externaltools.gnu-tools-for-stm32.10.3-2021.10.win32_1.0.200.202301161003/tools/bin/../lib/gcc/arm-none-eabi/10.3.1/../../../../arm-none-eabi/lib/thumb/v7e-m+fp/hard\libc_nano.a(lib_a-lock.o)
                0x000000000800d044                __retarget_lock_acquire_recursive
 .text.__retarget_lock_release_recursive
                0x000000000800d046        0x2 c:/st/stm32cubeide_1.11.2/stm32cubeide/plugins/com.st.stm32cube.ide.mcu.externaltools.gnu-tools-for-stm32.10.3-2021.10.win32_1.0.200.202301161003/tools/bin/../lib/gcc/arm-none-eabi/10.3.1/../../../../arm-none-eabi/lib/thumb/v7e-m+fp/hard\libc_nano.a(lib_a-lock.o)
                0x000000000800d046                __retarget_lock_release_recursive
 *(.glue_7)
 .glue_7        0x000000000800d048        0x0 linker stubs
 *(.glue_7t)
 .glue_7t       0x000000000800d048        0x0 linker stubs
 *(.eh_frame)
 .eh_frame      0x000000000800d048        0x0 c:/st/stm32cubeide_1.11.2/stm32cubeide/plugins/com.st.stm32cube.ide.mcu.externaltools.gnu-tools-for-stm32.10.3-2021.10.win32_1.0.200.202301161003/tools/bin/../lib/gcc/arm-none-eabi/10.3.1/thumb/v7e-m+fp/hard/crtbegin.o
 *(.init)
 .init          0x000000000800d048        0x4 c:/st/stm32cubeide_1.11.2/stm32cubeide/plugins/com.st.stm32cube.ide.mcu.externaltools.gnu-tools-for-stm32.10.3-2021.10.win32_1.0.200.202301161003/tools/bin/../lib/gcc/arm-none-eabi/10.3.1/thumb/v7e-m+fp/hard/crti.o
                0x000000000800d048                _init
 .init          0x000000000800d04c        0x8 c:/st/stm32cubeide_1.11.2/stm32cubeide/plugins/com.st.stm32cube.ide.mcu.externaltools.gnu-tools-for-stm32.10.3-2021.10.win32_1.0.200.202301161003/tools/bin/../lib/gcc/arm-none-eabi/10.3.1/thumb/v7e-m+fp/hard/crtn.o
 *(.fini)
 .fini          0x000000000800d054        0x4 c:/st/stm32cubeide_1.11.2/stm32cubeide/plugins/com.st.stm32cube.ide.mcu.externaltools.gnu-tools-for-stm32.10.3-2021.10.win32_1.0.200.202301161003/tools/bin/../lib/gcc/arm-none-eabi/10.3.1/thumb/v7e-m+fp/hard/crti.o
                0x000000000800d054                _fini
 .fini          0x000000000800d058        0x8 c:/st/stm32cubeide_1.11.2/stm32cubeide/plugins/com.st.stm32cube.ide.mcu.externaltools.gnu-tools-for-stm32.10.3-2021.10.win32_1.0.200.202301161003/tools/bin/../lib/gcc/arm-none-eabi/10.3.1/thumb/v7e-m+fp/hard/crtn.o
                0x000000000800d060                . = ALIGN (0x4)
                0x000000000800d060                _etext = .

.vfp11_veneer   0x000000000800d060        0x0
 .vfp11_veneer  0x000000000800d060        0x0 linker stubs

.v4_bx          0x000000000800d060        0x0
 .v4_bx         0x000000000800d060        0x0 linker stubs

.iplt           0x000000000800d060        0x0
 .iplt          0x000000000800d060        0x0 c:/st/stm32cubeide_1.11.2/stm32cubeide/plugins/com.st.stm32cube.ide.mcu.externaltools.gnu-tools-for-stm32.10.3-2021.10.win32_1.0.200.202301161003/tools/bin/../lib/gcc/arm-none-eabi/10.3.1/thumb/v7e-m+fp/hard/crtbegin.o

.rodata         0x000000000800d060      0xb6c
                0x000000000800d060                . = ALIGN (0x4)
 *(.rodata)
 .rodata        0x000000000800d060       0x71 ./Drivers/STM32F4xx_HAL_Driver/stm32f4xx_hal_adc.o
 *fill*         0x000000000800d0d1        0x3 
 .rodata        0x000000000800d0d4       0x74 ./Drivers/STM32F4xx_HAL_Driver/stm32f4xx_hal_cortex.o
 .rodata        0x000000000800d148       0x71 ./Drivers/STM32F4xx_HAL_Driver/stm32f4xx_hal_dac.o
 *fill*         0x000000000800d1b9        0x3 
 .rodata        0x000000000800d1bc       0x71 ./Drivers/STM32F4xx_HAL_Driver/stm32f4xx_hal_dma.o
 *fill*         0x000000000800d22d        0x3 
 .rodata        0x000000000800d230       0x72 ./Drivers/STM32F4xx_HAL_Driver/stm32f4xx_hal_gpio.o
 *fill*         0x000000000800d2a2        0x2 
 .rodata        0x000000000800d2a4       0x71 ./Drivers/STM32F4xx_HAL_Driver/stm32f4xx_hal_rcc.o
 *fill*         0x000000000800d315        0x3 
 .rodata        0x000000000800d318       0x74 ./Drivers/STM32F4xx_HAL_Driver/stm32f4xx_hal_rcc_ex.o
 .rodata        0x000000000800d38c       0x71 ./Drivers/STM32F4xx_HAL_Driver/stm32f4xx_hal_spi.o
 *fill*         0x000000000800d3fd        0x3 
 .rodata        0x000000000800d400       0x71 ./Drivers/STM32F4xx_HAL_Driver/stm32f4xx_hal_tim.o
 *fill*         0x000000000800d471        0x3 
 .rodata        0x000000000800d474       0x74 ./Drivers/STM32F4xx_HAL_Driver/stm32f4xx_hal_tim_ex.o
 .rodata        0x000000000800d4e8       0x72 ./Drivers/STM32F4xx_HAL_Driver/stm32f4xx_hal_uart.o
 *fill*         0x000000000800d55a        0x2 
 .rodata        0x000000000800d55c        0x2 ./SSC/foeappl.o
 *(.rodata*)
 *fill*         0x000000000800d55e        0x2 
 .rodata.AHBPrescTable
                0x000000000800d560       0x10 ./Core/Src/system_stm32f4xx.o
                0x000000000800d560                AHBPrescTable
 .rodata.APBPrescTable
                0x000000000800d570        0x8 ./Core/Src/system_stm32f4xx.o
                0x000000000800d570                APBPrescTable
 .rodata.flagBitshiftOffset.0
                0x000000000800d578        0x8 ./Drivers/STM32F4xx_HAL_Driver/stm32f4xx_hal_dma.o
 .rodata.asEntryDesc0x1600
                0x000000000800d580       0x24 ./SSC/coeappl.o
                0x000000000800d580                asEntryDesc0x1600
 .rodata.aName0x1600
                0x000000000800d5a4       0x63 ./SSC/coeappl.o
                0x000000000800d5a4                aName0x1600
 *fill*         0x000000000800d607        0x1 
 .rodata.asEntryDesc0x1A00
                0x000000000800d608       0x12 ./SSC/coeappl.o
                0x000000000800d608                asEntryDesc0x1A00
 *fill*         0x000000000800d61a        0x2 
 .rodata.aName0x1A00
                0x000000000800d61c       0x3b ./SSC/coeappl.o
                0x000000000800d61c                aName0x1A00
 *fill*         0x000000000800d657        0x1 
 .rodata.asEntryDesc0x1C12
                0x000000000800d658        0xc ./SSC/coeappl.o
                0x000000000800d658                asEntryDesc0x1C12
 .rodata.aName0x1C12
                0x000000000800d664       0x1b ./SSC/coeappl.o
                0x000000000800d664                aName0x1C12
 *fill*         0x000000000800d67f        0x1 
 .rodata.asEntryDesc0x1C13
                0x000000000800d680        0xc ./SSC/coeappl.o
                0x000000000800d680                asEntryDesc0x1C13
 .rodata.aName0x1C13
                0x000000000800d68c       0x1b ./SSC/coeappl.o
                0x000000000800d68c                aName0x1C13
 *fill*         0x000000000800d6a7        0x1 
 .rodata.asEntryDesc0x6000
                0x000000000800d6a8       0x12 ./SSC/coeappl.o
                0x000000000800d6a8                asEntryDesc0x6000
 *fill*         0x000000000800d6ba        0x2 
 .rodata.aName0x6000
                0x000000000800d6bc       0x17 ./SSC/coeappl.o
                0x000000000800d6bc                aName0x6000
 *fill*         0x000000000800d6d3        0x1 
 .rodata.asEntryDesc0x7000
                0x000000000800d6d4       0x24 ./SSC/coeappl.o
                0x000000000800d6d4                asEntryDesc0x7000
 .rodata.aName0x7000
                0x000000000800d6f8       0x24 ./SSC/coeappl.o
                0x000000000800d6f8                aName0x7000
 .rodata.sEntryDesc0x1000
                0x000000000800d71c        0x6 ./SSC/coeappl.o
                0x000000000800d71c                sEntryDesc0x1000
 *fill*         0x000000000800d722        0x2 
 .rodata.aName0x1000
                0x000000000800d724        0xc ./SSC/coeappl.o
                0x000000000800d724                aName0x1000
 .rodata.sEntryDesc0x1001
                0x000000000800d730        0x6 ./SSC/coeappl.o
                0x000000000800d730                sEntryDesc0x1001
 *fill*         0x000000000800d736        0x2 
 .rodata.aName0x1001
                0x000000000800d738        0xf ./SSC/coeappl.o
                0x000000000800d738                aName0x1001
 *fill*         0x000000000800d747        0x1 
 .rodata.sEntryDesc0x1008
                0x000000000800d748        0x6 ./SSC/coeappl.o
                0x000000000800d748                sEntryDesc0x1008
 *fill*         0x000000000800d74e        0x2 
 .rodata.aName0x1008
                0x000000000800d750        0xc ./SSC/coeappl.o
                0x000000000800d750                aName0x1008
 .rodata.sEntryDesc0x1009
                0x000000000800d75c        0x6 ./SSC/coeappl.o
                0x000000000800d75c                sEntryDesc0x1009
 *fill*         0x000000000800d762        0x2 
 .rodata.aName0x1009
                0x000000000800d764       0x11 ./SSC/coeappl.o
                0x000000000800d764                aName0x1009
 *fill*         0x000000000800d775        0x3 
 .rodata.sEntryDesc0x100A
                0x000000000800d778        0x6 ./SSC/coeappl.o
                0x000000000800d778                sEntryDesc0x100A
 *fill*         0x000000000800d77e        0x2 
 .rodata.aName0x100A
                0x000000000800d780       0x11 ./SSC/coeappl.o
                0x000000000800d780                aName0x100A
 *fill*         0x000000000800d791        0x3 
 .rodata.asEntryDesc0x1018
                0x000000000800d794       0x1e ./SSC/coeappl.o
                0x000000000800d794                asEntryDesc0x1018
 *fill*         0x000000000800d7b2        0x2 
 .rodata.aName0x1018
                0x000000000800d7b4       0x39 ./SSC/coeappl.o
                0x000000000800d7b4                aName0x1018
 *fill*         0x000000000800d7ed        0x3 
 .rodata.asEntryDesc0x10F1
                0x000000000800d7f0       0x12 ./SSC/coeappl.o
                0x000000000800d7f0                asEntryDesc0x10F1
 *fill*         0x000000000800d802        0x2 
 .rodata.aName0x10F1
                0x000000000800d804       0x3f ./SSC/coeappl.o
                0x000000000800d804                aName0x10F1
 *fill*         0x000000000800d843        0x1 
 .rodata.asEntryDesc0x1C00
                0x000000000800d844        0xc ./SSC/coeappl.o
                0x000000000800d844                asEntryDesc0x1C00
 .rodata.aName0x1C00
                0x000000000800d850       0x12 ./SSC/coeappl.o
                0x000000000800d850                aName0x1C00
 *fill*         0x000000000800d862        0x2 
 .rodata.asEntryDesc0x1C3x
                0x000000000800d864       0xc6 ./SSC/coeappl.o
                0x000000000800d864                asEntryDesc0x1C3x
 *fill*         0x000000000800d92a        0x2 
 .rodata.aName0x1C32
                0x000000000800d92c      0x100 ./SSC/coeappl.o
                0x000000000800d92c                aName0x1C32
 .rodata.aName0x1C33
                0x000000000800da2c       0xff ./SSC/coeappl.o
                0x000000000800da2c                aName0x1C33
 *fill*         0x000000000800db2b        0x1 
 .rodata.BroadcastEthernetAddress
                0x000000000800db2c        0x6 ./SSC/eoeappl.o
                0x000000000800db2c                BroadcastEthernetAddress
 *fill*         0x000000000800db32        0x2 
 .rodata.cBitMask
                0x000000000800db34       0x20 ./SSC/objdef.o
                0x000000000800db34                cBitMask
 .rodata.cAbortCode
                0x000000000800db54       0x78 ./SSC/sdoserv.o
                0x000000000800db54                cAbortCode
                0x000000000800dbcc                . = ALIGN (0x4)

.ARM.extab      0x000000000800dbcc        0x0
                0x000000000800dbcc                . = ALIGN (0x4)
 *(.ARM.extab* .gnu.linkonce.armextab.*)
                0x000000000800dbcc                . = ALIGN (0x4)

.ARM            0x000000000800dbcc        0x8
                0x000000000800dbcc                . = ALIGN (0x4)
                0x000000000800dbcc                __exidx_start = .
 *(.ARM.exidx*)
 .ARM.exidx     0x000000000800dbcc        0x8 c:/st/stm32cubeide_1.11.2/stm32cubeide/plugins/com.st.stm32cube.ide.mcu.externaltools.gnu-tools-for-stm32.10.3-2021.10.win32_1.0.200.202301161003/tools/bin/../lib/gcc/arm-none-eabi/10.3.1/thumb/v7e-m+fp/hard\libgcc.a(_udivmoddi4.o)
                0x000000000800dbd4                __exidx_end = .
                0x000000000800dbd4                . = ALIGN (0x4)

.rel.dyn        0x000000000800dbd4        0x0
 .rel.iplt      0x000000000800dbd4        0x0 c:/st/stm32cubeide_1.11.2/stm32cubeide/plugins/com.st.stm32cube.ide.mcu.externaltools.gnu-tools-for-stm32.10.3-2021.10.win32_1.0.200.202301161003/tools/bin/../lib/gcc/arm-none-eabi/10.3.1/thumb/v7e-m+fp/hard/crtbegin.o

.preinit_array  0x000000000800dbd4        0x0
                0x000000000800dbd4                . = ALIGN (0x4)
                0x000000000800dbd4                PROVIDE (__preinit_array_start = .)
 *(.preinit_array*)
                0x000000000800dbd4                PROVIDE (__preinit_array_end = .)
                0x000000000800dbd4                . = ALIGN (0x4)

.init_array     0x000000000800dbd4        0x4
                0x000000000800dbd4                . = ALIGN (0x4)
                0x000000000800dbd4                PROVIDE (__init_array_start = .)
 *(SORT_BY_NAME(.init_array.*))
 *(.init_array*)
 .init_array    0x000000000800dbd4        0x4 c:/st/stm32cubeide_1.11.2/stm32cubeide/plugins/com.st.stm32cube.ide.mcu.externaltools.gnu-tools-for-stm32.10.3-2021.10.win32_1.0.200.202301161003/tools/bin/../lib/gcc/arm-none-eabi/10.3.1/thumb/v7e-m+fp/hard/crtbegin.o
                0x000000000800dbd8                PROVIDE (__init_array_end = .)
                0x000000000800dbd8                . = ALIGN (0x4)

.fini_array     0x000000000800dbd8        0x4
                0x000000000800dbd8                . = ALIGN (0x4)
                [!provide]                        PROVIDE (__fini_array_start = .)
 *(SORT_BY_NAME(.fini_array.*))
 *(.fini_array*)
 .fini_array    0x000000000800dbd8        0x4 c:/st/stm32cubeide_1.11.2/stm32cubeide/plugins/com.st.stm32cube.ide.mcu.externaltools.gnu-tools-for-stm32.10.3-2021.10.win32_1.0.200.202301161003/tools/bin/../lib/gcc/arm-none-eabi/10.3.1/thumb/v7e-m+fp/hard/crtbegin.o
                [!provide]                        PROVIDE (__fini_array_end = .)
                0x000000000800dbdc                . = ALIGN (0x4)
                0x000000000800dbdc                _sidata = LOADADDR (.data)

.data           0x0000000020000000      0x3d4 load address 0x000000000800dbdc
                0x0000000020000000                . = ALIGN (0x4)
                0x0000000020000000                _sdata = .
 *(.data)
 *(.data*)
 .data.SystemCoreClock
                0x0000000020000000        0x4 ./Core/Src/system_stm32f4xx.o
                0x0000000020000000                SystemCoreClock
 .data.uwTickPrio
                0x0000000020000004        0x4 ./Drivers/STM32F4xx_HAL_Driver/stm32f4xx_hal.o
                0x0000000020000004                uwTickPrio
 .data.uwTickFreq
                0x0000000020000008        0x1 ./Drivers/STM32F4xx_HAL_Driver/stm32f4xx_hal.o
                0x0000000020000008                uwTickFreq
 *fill*         0x0000000020000009        0x3 
 .data.DOChannelsProcessDataMapping0x1600
                0x000000002000000c       0x18 ./SSC/SSC-Device.o
                0x000000002000000c                DOChannelsProcessDataMapping0x1600
 .data.DIChannelProcessDataMapping0x1A00
                0x0000000020000024        0xc ./SSC/SSC-Device.o
                0x0000000020000024                DIChannelProcessDataMapping0x1A00
 .data.sRxPDOassign
                0x0000000020000030        0x4 ./SSC/SSC-Device.o
                0x0000000020000030                sRxPDOassign
 .data.sTxPDOassign
                0x0000000020000034        0x4 ./SSC/SSC-Device.o
                0x0000000020000034                sTxPDOassign
 .data.DIChannel0x6000
                0x0000000020000038        0x6 ./SSC/SSC-Device.o
                0x0000000020000038                DIChannel0x6000
 *fill*         0x000000002000003e        0x2 
 .data.DOChannels0x7000
                0x0000000020000040        0x6 ./SSC/SSC-Device.o
                0x0000000020000040                DOChannels0x7000
 *fill*         0x0000000020000046        0x2 
 .data.ApplicationObjDic
                0x0000000020000048      0x118 ./SSC/coeappl.o
                0x0000000020000048                ApplicationObjDic
 .data.u32Devicetype
                0x0000000020000160        0x4 ./SSC/coeappl.o
                0x0000000020000160                u32Devicetype
 .data.acDevicename
                0x0000000020000164        0xb ./SSC/coeappl.o
                0x0000000020000164                acDevicename
 *fill*         0x000000002000016f        0x1 
 .data.acHardwareversion
                0x0000000020000170        0x5 ./SSC/coeappl.o
                0x0000000020000170                acHardwareversion
 *fill*         0x0000000020000175        0x3 
 .data.acSoftwareversion
                0x0000000020000178        0x5 ./SSC/coeappl.o
                0x0000000020000178                acSoftwareversion
 *fill*         0x000000002000017d        0x3 
 .data.sIdentity
                0x0000000020000180       0x14 ./SSC/coeappl.o
                0x0000000020000180                sIdentity
 .data.sSyncmanagertype
                0x0000000020000194        0x6 ./SSC/coeappl.o
                0x0000000020000194                sSyncmanagertype
 *fill*         0x000000002000019a        0x2 
 .data.GenObjDic
                0x000000002000019c      0x1b8 ./SSC/coeappl.o
                0x000000002000019c                GenObjDic
 .data.sErrorSettings
                0x0000000020000354        0xc ./SSC/objdef.o
                0x0000000020000354                sErrorSettings
 .data.aSubindexDesc
                0x0000000020000360        0xd ./SSC/objdef.o
                0x0000000020000360                aSubindexDesc
 *fill*         0x000000002000036d        0x3 
 .data._impure_ptr
                0x0000000020000370        0x4 c:/st/stm32cubeide_1.11.2/stm32cubeide/plugins/com.st.stm32cube.ide.mcu.externaltools.gnu-tools-for-stm32.10.3-2021.10.win32_1.0.200.202301161003/tools/bin/../lib/gcc/arm-none-eabi/10.3.1/../../../../arm-none-eabi/lib/thumb/v7e-m+fp/hard\libc_nano.a(lib_a-impure.o)
                0x0000000020000370                _impure_ptr
 .data.impure_data
                0x0000000020000374       0x60 c:/st/stm32cubeide_1.11.2/stm32cubeide/plugins/com.st.stm32cube.ide.mcu.externaltools.gnu-tools-for-stm32.10.3-2021.10.win32_1.0.200.202301161003/tools/bin/../lib/gcc/arm-none-eabi/10.3.1/../../../../arm-none-eabi/lib/thumb/v7e-m+fp/hard\libc_nano.a(lib_a-impure.o)
 *(.RamFunc)
 *(.RamFunc*)
                0x00000000200003d4                . = ALIGN (0x4)
                0x00000000200003d4                _edata = .

.igot.plt       0x00000000200003d4        0x0 load address 0x000000000800dfb0
 .igot.plt      0x00000000200003d4        0x0 c:/st/stm32cubeide_1.11.2/stm32cubeide/plugins/com.st.stm32cube.ide.mcu.externaltools.gnu-tools-for-stm32.10.3-2021.10.win32_1.0.200.202301161003/tools/bin/../lib/gcc/arm-none-eabi/10.3.1/thumb/v7e-m+fp/hard/crtbegin.o
                0x00000000200003d4                . = ALIGN (0x4)

.bss            0x00000000200003d4      0x818 load address 0x000000000800dfb0
                0x00000000200003d4                _sbss = .
                0x00000000200003d4                __bss_start__ = _sbss
 *(.bss)
 .bss           0x00000000200003d4       0x1c c:/st/stm32cubeide_1.11.2/stm32cubeide/plugins/com.st.stm32cube.ide.mcu.externaltools.gnu-tools-for-stm32.10.3-2021.10.win32_1.0.200.202301161003/tools/bin/../lib/gcc/arm-none-eabi/10.3.1/thumb/v7e-m+fp/hard/crtbegin.o
 *(.bss*)
 .bss.hadc1     0x00000000200003f0       0x48 ./Core/Src/adc.o
                0x00000000200003f0                hadc1
 .bss.hdma_adc1
                0x0000000020000438       0x60 ./Core/Src/adc.o
                0x0000000020000438                hdma_adc1
 .bss.adcVal    0x0000000020000498        0x2 ./Core/Src/adc.o
                0x0000000020000498                adcVal
 *fill*         0x000000002000049a        0x2 
 .bss.hdac      0x000000002000049c       0x14 ./Core/Src/dac.o
                0x000000002000049c                hdac
 .bss.cntMainLoop.0
                0x00000000200004b0        0x4 ./Core/Src/main.o
 .bss.hspi3     0x00000000200004b4       0x58 ./Core/Src/spi.o
                0x00000000200004b4                hspi3
 .bss.userBtn1Bit
                0x000000002000050c        0x1 ./Core/Src/ssc_bsp.o
                0x000000002000050c                userBtn1Bit
 *fill*         0x000000002000050d        0x3 
 .bss.cnt.1     0x0000000020000510        0x4 ./Core/Src/ssc_bsp.o
 .bss.cntIrq.0  0x0000000020000514        0x4 ./Core/Src/ssc_bsp.o
 .bss.__sbrk_heap_end
                0x0000000020000518        0x4 ./Core/Src/sysmem.o
 .bss.htim6     0x000000002000051c       0x48 ./Core/Src/tim.o
                0x000000002000051c                htim6
 .bss.huart3    0x0000000020000564       0x44 ./Core/Src/usart.o
                0x0000000020000564                huart3
 .bss.uwTick    0x00000000200005a8        0x4 ./Drivers/STM32F4xx_HAL_Driver/stm32f4xx_hal.o
                0x00000000200005a8                uwTick
 .bss.u16ErrorRegister
                0x00000000200005ac        0x2 ./SSC/coeappl.o
                0x00000000200005ac                u16ErrorRegister
 *fill*         0x00000000200005ae        0x2 
 .bss.ObjDicList
                0x00000000200005b0        0x4 ./SSC/coeappl.o
                0x00000000200005b0                ObjDicList
 .bss.u16BusCycleCntMs
                0x00000000200005b4        0x2 ./SSC/ecatappl.o
                0x00000000200005b4                u16BusCycleCntMs
 *fill*         0x00000000200005b6        0x2 
 .bss.StartTimerCnt
                0x00000000200005b8        0x4 ./SSC/ecatappl.o
                0x00000000200005b8                StartTimerCnt
 .bss.bCycleTimeMeasurementStarted
                0x00000000200005bc        0x1 ./SSC/ecatappl.o
                0x00000000200005bc                bCycleTimeMeasurementStarted
 *fill*         0x00000000200005bd        0x3 
 .bss.aPdOutputData
                0x00000000200005c0       0x44 ./SSC/ecatappl.o
                0x00000000200005c0                aPdOutputData
 .bss.aPdInputData
                0x0000000020000604       0x44 ./SSC/ecatappl.o
                0x0000000020000604                aPdInputData
 .bss.bInitFinished
                0x0000000020000648        0x1 ./SSC/ecatappl.o
                0x0000000020000648                bInitFinished
 *fill*         0x0000000020000649        0x3 
 .bss.pCoeSendStored
                0x000000002000064c        0x4 ./SSC/ecatcoe.o
                0x000000002000064c                pCoeSendStored
 .bss.bEoESendFramePending
                0x0000000020000650        0x1 ./SSC/ecateoe.o
                0x0000000020000650                bEoESendFramePending
 .bss.u8ReceiveFragmentNo
                0x0000000020000651        0x1 ./SSC/ecateoe.o
                0x0000000020000651                u8ReceiveFragmentNo
 .bss.u16EthernetReceiveSize
                0x0000000020000652        0x2 ./SSC/ecateoe.o
                0x0000000020000652                u16EthernetReceiveSize
 .bss.u16EthernetReceiveOffset
                0x0000000020000654        0x2 ./SSC/ecateoe.o
                0x0000000020000654                u16EthernetReceiveOffset
 .bss.u16ReceiveFrameNo
                0x0000000020000656        0x2 ./SSC/ecateoe.o
                0x0000000020000656                u16ReceiveFrameNo
 .bss.pEthernetReceiveFrame
                0x0000000020000658        0x4 ./SSC/ecateoe.o
                0x0000000020000658                pEthernetReceiveFrame
 .bss.u8SendFragmentNo
                0x000000002000065c        0x1 ./SSC/ecateoe.o
                0x000000002000065c                u8SendFragmentNo
 *fill*         0x000000002000065d        0x1 
 .bss.u16EthernetSendSize
                0x000000002000065e        0x2 ./SSC/ecateoe.o
                0x000000002000065e                u16EthernetSendSize
 .bss.u16EthernetSendOffset
                0x0000000020000660        0x2 ./SSC/ecateoe.o
                0x0000000020000660                u16EthernetSendOffset
 .bss.u16SendFrameNo
                0x0000000020000662        0x2 ./SSC/ecateoe.o
                0x0000000020000662                u16SendFrameNo
 .bss.pEthernetSendFrame
                0x0000000020000664        0x4 ./SSC/ecateoe.o
                0x0000000020000664                pEthernetSendFrame
 .bss.pEoeSendStored
                0x0000000020000668        0x4 ./SSC/ecateoe.o
                0x0000000020000668                pEoeSendStored
 .bss.u32PacketNo
                0x000000002000066c        0x4 ./SSC/ecatfoe.o
                0x000000002000066c                u32PacketNo
 .bss.u32FileOffset
                0x0000000020000670        0x4 ./SSC/ecatfoe.o
                0x0000000020000670                u32FileOffset
 .bss.u32LastFileOffset
                0x0000000020000674        0x4 ./SSC/ecatfoe.o
                0x0000000020000674                u32LastFileOffset
 .bss.u16FileAccessState
                0x0000000020000678        0x2 ./SSC/ecatfoe.o
                0x0000000020000678                u16FileAccessState
 *fill*         0x000000002000067a        0x2 
 .bss.pFoeSendStored
                0x000000002000067c        0x4 ./SSC/ecatfoe.o
                0x000000002000067c                pFoeSendStored
 .bss.bEcatOutputUpdateRunning
                0x0000000020000680        0x1 ./SSC/ecatslv.o
                0x0000000020000680                bEcatOutputUpdateRunning
 .bss.bEcatInputUpdateRunning
                0x0000000020000681        0x1 ./SSC/ecatslv.o
                0x0000000020000681                bEcatInputUpdateRunning
 .bss.bEcatFirstOutputsReceived
                0x0000000020000682        0x1 ./SSC/ecatslv.o
                0x0000000020000682                bEcatFirstOutputsReceived
 .bss.bWdTrigger
                0x0000000020000683        0x1 ./SSC/ecatslv.o
                0x0000000020000683                bWdTrigger
 .bss.bDcSyncActive
                0x0000000020000684        0x1 ./SSC/ecatslv.o
                0x0000000020000684                bDcSyncActive
 *fill*         0x0000000020000685        0x1 
 .bss.EsmTimeoutCounter
                0x0000000020000686        0x2 ./SSC/ecatslv.o
                0x0000000020000686                EsmTimeoutCounter
 .bss.bDcRunning
                0x0000000020000688        0x1 ./SSC/ecatslv.o
                0x0000000020000688                bDcRunning
 *fill*         0x0000000020000689        0x1 
 .bss.u16SmSync0Counter
                0x000000002000068a        0x2 ./SSC/ecatslv.o
                0x000000002000068a                u16SmSync0Counter
 .bss.u16SmSync0Value
                0x000000002000068c        0x2 ./SSC/ecatslv.o
                0x000000002000068c                u16SmSync0Value
 .bss.bSmSyncSequenceValid
                0x000000002000068e        0x1 ./SSC/ecatslv.o
                0x000000002000068e                bSmSyncSequenceValid
 *fill*         0x000000002000068f        0x1 
 .bss.i16WaitForPllRunningTimeout
                0x0000000020000690        0x2 ./SSC/ecatslv.o
                0x0000000020000690                i16WaitForPllRunningTimeout
 .bss.i16WaitForPllRunningCnt
                0x0000000020000692        0x2 ./SSC/ecatslv.o
                0x0000000020000692                i16WaitForPllRunningCnt
 .bss.Sync0WdCounter
                0x0000000020000694        0x2 ./SSC/ecatslv.o
                0x0000000020000694                Sync0WdCounter
 .bss.Sync0WdValue
                0x0000000020000696        0x2 ./SSC/ecatslv.o
                0x0000000020000696                Sync0WdValue
 .bss.Sync1WdCounter
                0x0000000020000698        0x2 ./SSC/ecatslv.o
                0x0000000020000698                Sync1WdCounter
 .bss.Sync1WdValue
                0x000000002000069a        0x2 ./SSC/ecatslv.o
                0x000000002000069a                Sync1WdValue
 .bss.LatchInputSync0Value
                0x000000002000069c        0x2 ./SSC/ecatslv.o
                0x000000002000069c                LatchInputSync0Value
 .bss.LatchInputSync0Counter
                0x000000002000069e        0x2 ./SSC/ecatslv.o
                0x000000002000069e                LatchInputSync0Counter
 .bss.bEscIntEnabled
                0x00000000200006a0        0x1 ./SSC/ecatslv.o
                0x00000000200006a0                bEscIntEnabled
 .bss.b3BufferMode
                0x00000000200006a1        0x1 ./SSC/ecatslv.o
                0x00000000200006a1                b3BufferMode
 .bss.bLocalErrorFlag
                0x00000000200006a2        0x1 ./SSC/ecatslv.o
                0x00000000200006a2                bLocalErrorFlag
 *fill*         0x00000000200006a3        0x1 
 .bss.u16LocalErrorCode
                0x00000000200006a4        0x2 ./SSC/ecatslv.o
                0x00000000200006a4                u16LocalErrorCode
 .bss.bApplEsmPending
                0x00000000200006a6        0x1 ./SSC/ecatslv.o
                0x00000000200006a6                bApplEsmPending
 .bss.bEcatWaitForAlControlRes
                0x00000000200006a7        0x1 ./SSC/ecatslv.o
                0x00000000200006a7                bEcatWaitForAlControlRes
 .bss.nEcatStateTrans
                0x00000000200006a8        0x2 ./SSC/ecatslv.o
                0x00000000200006a8                nEcatStateTrans
 .bss.nPdInputSize
                0x00000000200006aa        0x2 ./SSC/ecatslv.o
                0x00000000200006aa                nPdInputSize
 .bss.nPdOutputSize
                0x00000000200006ac        0x2 ./SSC/ecatslv.o
                0x00000000200006ac                nPdOutputSize
 .bss.nMaxSyncMan
                0x00000000200006ae        0x1 ./SSC/ecatslv.o
                0x00000000200006ae                nMaxSyncMan
 *fill*         0x00000000200006af        0x1 
 .bss.nMaxEscAddress
                0x00000000200006b0        0x2 ./SSC/ecatslv.o
                0x00000000200006b0                nMaxEscAddress
 .bss.nAlStatus
                0x00000000200006b2        0x1 ./SSC/ecatslv.o
                0x00000000200006b2                nAlStatus
 *fill*         0x00000000200006b3        0x1 
 .bss.EcatWdValue
                0x00000000200006b4        0x2 ./SSC/ecatslv.o
                0x00000000200006b4                EcatWdValue
 .bss.nEscAddrOutputData
                0x00000000200006b6        0x2 ./SSC/ecatslv.o
                0x00000000200006b6                nEscAddrOutputData
 .bss.nEscAddrInputData
                0x00000000200006b8        0x2 ./SSC/ecatslv.o
                0x00000000200006b8                nEscAddrInputData
 .bss.u16ALEventMask
                0x00000000200006ba        0x2 ./SSC/ecatslv.o
                0x00000000200006ba                u16ALEventMask
 .bss.u16dummy  0x00000000200006bc        0x2 ./SSC/ecatslv.o
                0x00000000200006bc                u16dummy
 .bss.SMActivate
                0x00000000200006be        0x2 ./SSC/ecatslv.o
                0x00000000200006be                SMActivate
 .bss.SyncManInfo
                0x00000000200006c0        0x8 ./SSC/ecatslv.o
                0x00000000200006c0                SyncManInfo
 .bss.EepromLoaded
                0x00000000200006c8        0x1 ./SSC/ecatslv.o
                0x00000000200006c8                EepromLoaded
 *fill*         0x00000000200006c9        0x3 
 .bss.EscALEvent
                0x00000000200006cc        0x2 ./SSC/el9800hw.o
                0x00000000200006cc                EscALEvent
 *fill*         0x00000000200006ce        0x2 
 .bss.aIpAdd    0x00000000200006d0        0x4 ./SSC/eoeappl.o
                0x00000000200006d0                aIpAdd
 .bss.aMacAdd   0x00000000200006d4        0x6 ./SSC/eoeappl.o
                0x00000000200006d4                aMacAdd
 *fill*         0x00000000200006da        0x2 
 .bss.nFileSize
                0x00000000200006dc        0x4 ./SSC/foeappl.o
                0x00000000200006dc                nFileSize
 .bss.nFileWriteOffset
                0x00000000200006e0        0x4 ./SSC/foeappl.o
                0x00000000200006e0                nFileWriteOffset
 .bss.aFileName
                0x00000000200006e4       0x10 ./SSC/foeappl.o
                0x00000000200006e4                aFileName
 .bss.aFileData
                0x00000000200006f4      0x180 ./SSC/foeappl.o
                0x00000000200006f4                aFileData
 .bss.bReceiveMbxIsLocked
                0x0000000020000874        0x1 ./SSC/mailbox.o
                0x0000000020000874                bReceiveMbxIsLocked
 .bss.bSendMbxIsFull
                0x0000000020000875        0x1 ./SSC/mailbox.o
                0x0000000020000875                bSendMbxIsFull
 .bss.bMbxRunning
                0x0000000020000876        0x1 ./SSC/mailbox.o
                0x0000000020000876                bMbxRunning
 .bss.bMbxRepeatToggle
                0x0000000020000877        0x1 ./SSC/mailbox.o
                0x0000000020000877                bMbxRepeatToggle
 .bss.u16SendMbxSize
                0x0000000020000878        0x2 ./SSC/mailbox.o
                0x0000000020000878                u16SendMbxSize
 .bss.u16ReceiveMbxSize
                0x000000002000087a        0x2 ./SSC/mailbox.o
                0x000000002000087a                u16ReceiveMbxSize
 .bss.u16EscAddrReceiveMbx
                0x000000002000087c        0x2 ./SSC/mailbox.o
                0x000000002000087c                u16EscAddrReceiveMbx
 .bss.u16EscAddrSendMbx
                0x000000002000087e        0x2 ./SSC/mailbox.o
                0x000000002000087e                u16EscAddrSendMbx
 .bss.u8MbxWriteCounter
                0x0000000020000880        0x1 ./SSC/mailbox.o
                0x0000000020000880                u8MbxWriteCounter
 .bss.u8MbxReadCounter
                0x0000000020000881        0x1 ./SSC/mailbox.o
                0x0000000020000881                u8MbxReadCounter
 *fill*         0x0000000020000882        0x2 
 .bss.asMbx     0x0000000020000884      0x200 ./SSC/mailbox.o
                0x0000000020000884                asMbx
 .bss.u8MailboxSendReqStored
                0x0000000020000a84        0x1 ./SSC/mailbox.o
                0x0000000020000a84                u8MailboxSendReqStored
 *fill*         0x0000000020000a85        0x3 
 .bss.psWriteMbx
                0x0000000020000a88        0x4 ./SSC/mailbox.o
                0x0000000020000a88                psWriteMbx
 .bss.psReadMbx
                0x0000000020000a8c        0x4 ./SSC/mailbox.o
                0x0000000020000a8c                psReadMbx
 .bss.psRepeatMbx
                0x0000000020000a90        0x4 ./SSC/mailbox.o
                0x0000000020000a90                psRepeatMbx
 .bss.psStoreMbx
                0x0000000020000a94        0x4 ./SSC/mailbox.o
                0x0000000020000a94                psStoreMbx
 .bss.sMbxSendQueue
                0x0000000020000a98       0x34 ./SSC/mailbox.o
                0x0000000020000a98                sMbxSendQueue
 .bss.sMbxReceiveQueue
                0x0000000020000acc       0x34 ./SSC/mailbox.o
                0x0000000020000acc                sMbxReceiveQueue
 .bss.bNoMbxMemoryAvailable
                0x0000000020000b00        0x1 ./SSC/mailbox.o
                0x0000000020000b00                bNoMbxMemoryAvailable
 .bss.bSyncSetByUser
                0x0000000020000b01        0x1 ./SSC/objdef.o
                0x0000000020000b01                bSyncSetByUser
 *fill*         0x0000000020000b02        0x2 
 .bss.sCycleDiag
                0x0000000020000b04        0x2 ./SSC/objdef.o
                0x0000000020000b04                sCycleDiag
 *fill*         0x0000000020000b06        0x2 
 .bss.sSyncManOutPar
                0x0000000020000b08       0x44 ./SSC/objdef.o
                0x0000000020000b08                sSyncManOutPar
 .bss.sSyncManInPar
                0x0000000020000b4c       0x44 ./SSC/objdef.o
                0x0000000020000b4c                sSyncManInPar
 .bss.u8PendingSdo
                0x0000000020000b90        0x1 ./SSC/sdoserv.o
                0x0000000020000b90                u8PendingSdo
 .bss.bStoreCompleteAccess
                0x0000000020000b91        0x1 ./SSC/sdoserv.o
                0x0000000020000b91                bStoreCompleteAccess
 .bss.u8StoreSubindex
                0x0000000020000b92        0x1 ./SSC/sdoserv.o
                0x0000000020000b92                u8StoreSubindex
 *fill*         0x0000000020000b93        0x1 
 .bss.u16StoreIndex
                0x0000000020000b94        0x2 ./SSC/sdoserv.o
                0x0000000020000b94                u16StoreIndex
 *fill*         0x0000000020000b96        0x2 
 .bss.u32StoreDataSize
                0x0000000020000b98        0x4 ./SSC/sdoserv.o
                0x0000000020000b98                u32StoreDataSize
 .bss.pStoreData
                0x0000000020000b9c        0x4 ./SSC/sdoserv.o
                0x0000000020000b9c                pStoreData
 .bss.pSdoPendFunc
                0x0000000020000ba0        0x4 ./SSC/sdoserv.o
                0x0000000020000ba0                pSdoPendFunc
 .bss.aSdoInfoHeader
                0x0000000020000ba4       0x10 ./SSC/sdoserv.o
                0x0000000020000ba4                aSdoInfoHeader
 .bss.pSdoSegData
                0x0000000020000bb4        0x4 ./SSC/sdoserv.o
                0x0000000020000bb4                pSdoSegData
 .bss.nSdoInfoFragmentsLeft
                0x0000000020000bb8        0x2 ./SSC/sdoserv.o
                0x0000000020000bb8                nSdoInfoFragmentsLeft
 .bss.nSdoInfoIndex
                0x0000000020000bba        0x2 ./SSC/sdoserv.o
                0x0000000020000bba                nSdoInfoIndex
 .bss.pSdoInfoObjEntry
                0x0000000020000bbc        0x4 ./SSC/sdoserv.o
                0x0000000020000bbc                pSdoInfoObjEntry
 .bss.pSdoResStored
                0x0000000020000bc0        0x4 ./SSC/sdoserv.o
                0x0000000020000bc0                pSdoResStored
 .bss.bSdoInWork
                0x0000000020000bc4        0x1 ./SSC/sdoserv.o
                0x0000000020000bc4                bSdoInWork
 .bss.nSdoSegService
                0x0000000020000bc5        0x1 ./SSC/sdoserv.o
                0x0000000020000bc5                nSdoSegService
 .bss.bSdoSegFollows
                0x0000000020000bc6        0x1 ./SSC/sdoserv.o
                0x0000000020000bc6                bSdoSegFollows
 .bss.bSdoSegAccess
                0x0000000020000bc7        0x1 ./SSC/sdoserv.o
                0x0000000020000bc7                bSdoSegAccess
 .bss.nSdoSegIndex
                0x0000000020000bc8        0x2 ./SSC/sdoserv.o
                0x0000000020000bc8                nSdoSegIndex
 .bss.nSdoSegSubindex
                0x0000000020000bca        0x1 ./SSC/sdoserv.o
                0x0000000020000bca                nSdoSegSubindex
 *fill*         0x0000000020000bcb        0x1 
 .bss.nSdoSegBytesToHandle
                0x0000000020000bcc        0x4 ./SSC/sdoserv.o
                0x0000000020000bcc                nSdoSegBytesToHandle
 .bss.bSdoSegLastToggle
                0x0000000020000bd0        0x1 ./SSC/sdoserv.o
                0x0000000020000bd0                bSdoSegLastToggle
 *fill*         0x0000000020000bd1        0x3 
 .bss.nSdoSegCompleteSize
                0x0000000020000bd4        0x4 ./SSC/sdoserv.o
                0x0000000020000bd4                nSdoSegCompleteSize
 .bss.pSdoSegObjEntry
                0x0000000020000bd8        0x4 ./SSC/sdoserv.o
                0x0000000020000bd8                pSdoSegObjEntry
 .bss.__malloc_free_list