../Core/Src/ssc_bsp.c:24:6:spi_Select	8	static
../Core/Src/ssc_bsp.c:32:6:spi_Deselect	8	static
../Core/Src/ssc_bsp.c:41:6:al_Event_Int_Enable	8	static
../Core/Src/ssc_bsp.c:49:6:al_Event_Int_Disable	8	static
../Core/Src/ssc_bsp.c:60:6:timer_Esc_IT_Start	8	static
../Core/Src/ssc_bsp.c:68:6:timer_Esc_IT_Stop	8	static
../Core/Src/ssc_bsp.c:76:10:timer_Get_Value	4	static
../Core/Src/ssc_bsp.c:85:6:enable_Irq_Sync0_Sync1	8	static
../Core/Src/ssc_bsp.c:93:6:disable_Irq_Sync0_Sync1	8	static
../Core/Src/ssc_bsp.c:103:6:HAL_TIM_PeriodElapsedCallback	16	static
../Core/Src/ssc_bsp.c:121:6:HAL_GPIO_EXTI_Callback	24	static
