../SSC/ecatslv.c:230:6:ResetALEventMask	24	static
../SSC/ecatslv.c:250:6:SetALEventMask	24	static
../SSC/ecatslv.c:270:6:UpdateEEPROMLoadedState	16	static
../SSC/ecatslv.c:308:19:GetSyncMan	16	static
../SSC/ecatslv.c:322:6:DisableSyncManChannel	24	static
../SSC/ecatslv.c:345:6:EnableSyncManChannel	24	static
../SSC/ecatslv.c:376:10:CheckSmSettings	32	static
../SSC/ecatslv.c:650:8:StartInputHandler	56	static
../SSC/ecatslv.c:1191:8:StartOutputHandler	16	static
../SSC/ecatslv.c:1226:6:StopOutputHandler	4	static
../SSC/ecatslv.c:1239:6:StopInputHandler	16	static
../SSC/ecatslv.c:1303:6:BackToInitTransition	4	static
../SSC/ecatslv.c:1316:6:SetALStatus	24	static
../SSC/ecatslv.c:1359:6:AL_ControlInd	24	static
../SSC/ecatslv.c:1799:6:AL_ControlRes	16	static
../SSC/ecatslv.c:2037:6:DC_CheckWatchdog	8	static
../SSC/ecatslv.c:2118:6:CheckIfEcatError	16	static
../SSC/ecatslv.c:2178:6:ECAT_StateChange	24	static
../SSC/ecatslv.c:2306:6:ECAT_Init	16	static
../SSC/ecatslv.c:2380:6:ECAT_Main	16	static
